#
# There is insufficient memory for the Java Runtime Environment to continue.
# Native memory allocation (mmap) failed to map 65536 bytes for Failed to commit metaspace.
# Possible reasons:
#   The system is out of physical RAM or swap space
#   The process is running with CompressedOops enabled, and the Java Heap may be blocking the growth of the native heap
# Possible solutions:
#   Reduce memory load on the system
#   Increase physical memory or swap space
#   Check if swap backing store is full
#   Decrease Java heap size (-Xmx/-Xms)
#   Decrease number of Java threads
#   Decrease Java thread stack sizes (-Xss)
#   Set larger code cache with -XX:ReservedCodeCacheSize=
#   JVM is running with Unscaled Compressed Oops mode in which the Java heap is
#     placed in the first 4GB address space. The Java Heap base address is the
#     maximum limit for the native heap growth. Please use -XX:HeapBaseMinAddress
#     to set the Java Heap base and to place the Java Heap above 4GB virtual address.
# This output file may be truncated or incomplete.
#
#  Out of Memory Error (virtualSpaceNode.cpp:110), pid=23260, tid=6580
#
# JRE version: OpenJDK Runtime Environment Temurin-17.0.1+12 (17.0.1+12) (build 17.0.1+12)
# Java VM: OpenJDK 64-Bit Server VM Temurin-17.0.1+12 (17.0.1+12, mixed mode, emulated-client, tiered, compressed oops, compressed class ptrs, g1 gc, windows-amd64)
# No core dump will be written. Minidumps are not enabled by default on client versions of Windows
#

---------------  S U M M A R Y ------------

Command Line: -Dcom.sun.management.jmxremote -Dcom.sun.management.jmxremote.port=56863 -Dcom.sun.management.jmxremote.authenticate=false -Dcom.sun.management.jmxremote.ssl=false -Djava.rmi.server.hostname=localhost -Dspring.jmx.enabled=true -Dspring.application.admin.enabled=true -XX:TieredStopAtLevel=1 -Dspring.boot.project.name=freshChickenAPI -Dfile.encoding=UTF-8 -XX:+ShowCodeDetailsInExceptionMessages com.ra.freshChickenAPI.FreshChickenApiApplication --spring.output.ansi.enabled=always

Host: AMD Ryzen 5 5500U with Radeon Graphics         , 12 cores, 5G,  Windows 10 , 64 bit Build 26100 (10.0.26100.7019)
Time: Sun Nov 23 17:02:15 2025 India Standard Time elapsed time: 2291.467069 seconds (0d 0h 38m 11s)

---------------  T H R E A D  ---------------

Current thread (0x0000023ec8cd3d90):  JavaThread "http-nio-0.0.0.0-8080-exec-8" daemon [_thread_in_vm, id=6580, stack(0x000000f4fbc00000,0x000000f4fbd00000)]

Stack: [0x000000f4fbc00000,0x000000f4fbd00000]
Native frames: (J=compiled Java code, j=interpreted, Vv=VM code, C=native code)
V  [jvm.dll+0x6744da]
V  [jvm.dll+0x82e144]
V  [jvm.dll+0x82f8ee]
V  [jvm.dll+0x82ff53]
V  [jvm.dll+0x245175]
V  [jvm.dll+0x82a0eb]
V  [jvm.dll+0x619566]
V  [jvm.dll+0x1bff1e]
V  [jvm.dll+0x61beb1]
V  [jvm.dll+0x619f06]
V  [jvm.dll+0x62ab29]
V  [jvm.dll+0x623e54]
V  [jvm.dll+0x37ee11]
C  0x0000023eb808c27e

Java frames: (J=compiled Java code, j=interpreted, Vv=VM code)
j  org.springframework.http.HttpStatus.valueOf(I)Lorg/springframework/http/HttpStatus;+0
j  org.springframework.boot.autoconfigure.web.servlet.error.AbstractErrorController.getStatus(Ljakarta/servlet/http/HttpServletRequest;)Lorg/springframework/http/HttpStatus;+24
j  org.springframework.boot.autoconfigure.web.servlet.error.BasicErrorController.error(Ljakarta/servlet/http/HttpServletRequest;)Lorg/springframework/http/ResponseEntity;+2
v  ~StubRoutines::call_stub
J 4401  jdk.internal.reflect.NativeMethodAccessorImpl.invoke0(Ljava/lang/reflect/Method;Ljava/lang/Object;[Ljava/lang/Object;)Ljava/lang/Object; java.base@17.0.1 (0 bytes) @ 0x0000023eb8a01a1f [0x0000023eb8a019a0+0x000000000000007f]
J 4400 c1 jdk.internal.reflect.NativeMethodAccessorImpl.invoke(Ljava/lang/Object;[Ljava/lang/Object;)Ljava/lang/Object; java.base@17.0.1 (137 bytes) @ 0x0000023eb8a021ec [0x0000023eb8a01f00+0x00000000000002ec]
J 3635 c1 jdk.internal.reflect.DelegatingMethodAccessorImpl.invoke(Ljava/lang/Object;[Ljava/lang/Object;)Ljava/lang/Object; java.base@17.0.1 (10 bytes) @ 0x0000023eb88c2ee4 [0x0000023eb88c2ea0+0x0000000000000044]
J 3636 c1 java.lang.reflect.Method.invoke(Ljava/lang/Object;[Ljava/lang/Object;)Ljava/lang/Object; java.base@17.0.1 (65 bytes) @ 0x0000023eb88c32d4 [0x0000023eb88c31e0+0x00000000000000f4]
j  org.springframework.web.method.support.InvocableHandlerMethod.doInvoke([Ljava/lang/Object;)Ljava/lang/Object;+55
j  org.springframework.web.method.support.InvocableHandlerMethod.invokeForRequest(Lorg/springframework/web/context/request/NativeWebRequest;Lorg/springframework/web/method/support/ModelAndViewContainer;[Ljava/lang/Object;)Ljava/lang/Object;+82
j  org.springframework.web.servlet.mvc.method.annotation.ServletInvocableHandlerMethod.invokeAndHandle(Lorg/springframework/web/context/request/ServletWebRequest;Lorg/springframework/web/method/support/ModelAndViewContainer;[Ljava/lang/Object;)V+4
j  org.springframework.web.servlet.mvc.method.annotation.RequestMappingHandlerAdapter.invokeHandlerMethod(Ljakarta/servlet/http/HttpServletRequest;Ljakarta/servlet/http/HttpServletResponse;Lorg/springframework/web/method/HandlerMethod;)Lorg/springframework/web/servlet/ModelAndView;+309
j  org.springframework.web.servlet.mvc.method.annotation.RequestMappingHandlerAdapter.handleInternal(Ljakarta/servlet/http/HttpServletRequest;Ljakarta/servlet/http/HttpServletResponse;Lorg/springframework/web/method/HandlerMethod;)Lorg/springframework/web/servlet/ModelAndView;+81
j  org.springframework.web.servlet.mvc.method.AbstractHandlerMethodAdapter.handle(Ljakarta/servlet/http/HttpServletRequest;Ljakarta/servlet/http/HttpServletResponse;Ljava/lang/Object;)Lorg/springframework/web/servlet/ModelAndView;+7
j  org.springframework.web.servlet.DispatcherServlet.doDispatch(Ljakarta/servlet/http/HttpServletRequest;Ljakarta/servlet/http/HttpServletResponse;)V+304
j  org.springframework.web.servlet.DispatcherServlet.doService(Ljakarta/servlet/http/HttpServletRequest;Ljakarta/servlet/http/HttpServletResponse;)V+242
j  org.springframework.web.servlet.FrameworkServlet.processRequest(Ljakarta/servlet/http/HttpServletRequest;Ljakarta/servlet/http/HttpServletResponse;)V+70
j  org.springframework.web.servlet.FrameworkServlet.doGet(Ljakarta/servlet/http/HttpServletRequest;Ljakarta/servlet/http/HttpServletResponse;)V+3
j  jakarta.servlet.http.HttpServlet.service(Ljakarta/servlet/http/HttpServletRequest;Ljakarta/servlet/http/HttpServletResponse;)V+35
j  org.springframework.web.servlet.FrameworkServlet.service(Ljakarta/servlet/http/HttpServletRequest;Ljakarta/servlet/http/HttpServletResponse;)V+20
j  jakarta.servlet.http.HttpServlet.service(Ljakarta/servlet/ServletRequest;Ljakarta/servlet/ServletResponse;)V+37
j  org.apache.catalina.core.ApplicationFilterChain.internalDoFilter(Ljakarta/servlet/ServletRequest;Ljakarta/servlet/ServletResponse;)V+300
J 10214 c1 org.apache.catalina.core.ApplicationFilterChain.doFilter(Ljakarta/servlet/ServletRequest;Ljakarta/servlet/ServletResponse;)V (103 bytes) @ 0x0000023eb91643d4 [0x0000023eb91643a0+0x0000000000000034]
j  org.springframework.web.filter.CompositeFilter$VirtualFilterChain.doFilter(Ljakarta/servlet/ServletRequest;Ljakarta/servlet/ServletResponse;)V+22
j  org.springframework.web.filter.CompositeFilter$VirtualFilterChain.doFilter(Ljakarta/servlet/ServletRequest;Ljakarta/servlet/ServletResponse;)V+22
j  org.springframework.security.web.FilterChainProxy.lambda$doFilterInternal$3(Lorg/springframework/security/web/firewall/FirewalledRequest;Ljakarta/servlet/FilterChain;Ljakarta/servlet/ServletRequest;Ljakarta/servlet/ServletResponse;)V+35
j  org.springframework.security.web.FilterChainProxy$$Lambda$2047+0x0000000100d670e8.doFilter(Ljakarta/servlet/ServletRequest;Ljakarta/servlet/ServletResponse;)V+10
J 9212 c1 org.springframework.security.web.FilterChainProxy$VirtualFilterChain.doFilter(Ljakarta/servlet/ServletRequest;Ljakarta/servlet/ServletResponse;)V (111 bytes) @ 0x0000023eb900cb8c [0x0000023eb900c8c0+0x00000000000002cc]
j  org.springframework.security.web.access.intercept.AuthorizationFilter.doFilter(Ljakarta/servlet/ServletRequest;Ljakarta/servlet/ServletResponse;Ljakarta/servlet/FilterChain;)V+147
J 9212 c1 org.springframework.security.web.FilterChainProxy$VirtualFilterChain.doFilter(Ljakarta/servlet/ServletRequest;Ljakarta/servlet/ServletResponse;)V (111 bytes) @ 0x0000023eb900cb64 [0x0000023eb900c8c0+0x00000000000002a4]
j  org.springframework.security.web.access.ExceptionTranslationFilter.doFilter(Ljakarta/servlet/http/HttpServletRequest;Ljakarta/servlet/http/HttpServletResponse;Ljakarta/servlet/FilterChain;)V+3
j  org.springframework.security.web.access.ExceptionTranslationFilter.doFilter(Ljakarta/servlet/ServletRequest;Ljakarta/servlet/ServletResponse;Ljakarta/servlet/FilterChain;)V+10
J 9212 c1 org.springframework.security.web.FilterChainProxy$VirtualFilterChain.doFilter(Ljakarta/servlet/ServletRequest;Ljakarta/servlet/ServletResponse;)V (111 bytes) @ 0x0000023eb900cb64 [0x0000023eb900c8c0+0x00000000000002a4]
j  org.springframework.security.web.session.SessionManagementFilter.doFilter(Ljakarta/servlet/http/HttpServletRequest;Ljakarta/servlet/http/HttpServletResponse;Ljakarta/servlet/FilterChain;)V+14
j  org.springframework.security.web.session.SessionManagementFilter.doFilter(Ljakarta/servlet/ServletRequest;Ljakarta/servlet/ServletResponse;Ljakarta/servlet/FilterChain;)V+10
J 9212 c1 org.springframework.security.web.FilterChainProxy$VirtualFilterChain.doFilter(Ljakarta/servlet/ServletRequest;Ljakarta/servlet/ServletResponse;)V (111 bytes) @ 0x0000023eb900cb64 [0x0000023eb900c8c0+0x00000000000002a4]
j  org.springframework.security.web.authentication.AnonymousAuthenticationFilter.doFilter(Ljakarta/servlet/ServletRequest;Ljakarta/servlet/ServletResponse;Ljakarta/servlet/FilterChain;)V+33
J 9212 c1 org.springframework.security.web.FilterChainProxy$VirtualFilterChain.doFilter(Ljakarta/servlet/ServletRequest;Ljakarta/servlet/ServletResponse;)V (111 bytes) @ 0x0000023eb900cb64 [0x0000023eb900c8c0+0x00000000000002a4]
j  org.springframework.security.web.servletapi.SecurityContextHolderAwareRequestFilter.doFilter(Ljakarta/servlet/ServletRequest;Ljakarta/servlet/ServletResponse;Ljakarta/servlet/FilterChain;)V+19
J 9212 c1 org.springframework.security.web.FilterChainProxy$VirtualFilterChain.doFilter(Ljakarta/servlet/ServletRequest;Ljakarta/servlet/ServletResponse;)V (111 bytes) @ 0x0000023eb900cb64 [0x0000023eb900c8c0+0x00000000000002a4]
j  org.springframework.security.web.savedrequest.RequestCacheAwareFilter.doFilter(Ljakarta/servlet/ServletRequest;Ljakarta/servlet/ServletResponse;Ljakarta/servlet/FilterChain;)V+32
J 9212 c1 org.springframework.security.web.FilterChainProxy$VirtualFilterChain.doFilter(Ljakarta/servlet/ServletRequest;Ljakarta/servlet/ServletResponse;)V (111 bytes) @ 0x0000023eb900cb64 [0x0000023eb900c8c0+0x00000000000002a4]
j  org.springframework.security.web.authentication.logout.LogoutFilter.doFilter(Ljakarta/servlet/http/HttpServletRequest;Ljakarta/servlet/http/HttpServletResponse;Ljakarta/servlet/FilterChain;)V+83
j  org.springframework.security.web.authentication.logout.LogoutFilter.doFilter(Ljakarta/servlet/ServletRequest;Ljakarta/servlet/ServletResponse;Ljakarta/servlet/FilterChain;)V+10
J 9212 c1 org.springframework.security.web.FilterChainProxy$VirtualFilterChain.doFilter(Ljakarta/servlet/ServletRequest;Ljakarta/servlet/ServletResponse;)V (111 bytes) @ 0x0000023eb900cb64 [0x0000023eb900c8c0+0x00000000000002a4]
J 10101 c1 org.springframework.web.filter.OncePerRequestFilter.doFilter(Ljakarta/servlet/ServletRequest;Ljakarta/servlet/ServletResponse;Ljakarta/servlet/FilterChain;)V (178 bytes) @ 0x0000023eb907e404 [0x0000023eb907dda0+0x0000000000000664]
J 9212 c1 org.springframework.security.web.FilterChainProxy$VirtualFilterChain.doFilter(Ljakarta/servlet/ServletRequest;Ljakarta/servlet/ServletResponse;)V (111 bytes) @ 0x0000023eb900cb64 [0x0000023eb900c8c0+0x00000000000002a4]
J 10101 c1 org.springframework.web.filter.OncePerRequestFilter.doFilter(Ljakarta/servlet/ServletRequest;Ljakarta/servlet/ServletResponse;Ljakarta/servlet/FilterChain;)V (178 bytes) @ 0x0000023eb907e404 [0x0000023eb907dda0+0x0000000000000664]
J 9212 c1 org.springframework.security.web.FilterChainProxy$VirtualFilterChain.doFilter(Ljakarta/servlet/ServletRequest;Ljakarta/servlet/ServletResponse;)V (111 bytes) @ 0x0000023eb900cb64 [0x0000023eb900c8c0+0x00000000000002a4]
j  org.springframework.security.web.context.SecurityContextHolderFilter.doFilter(Ljakarta/servlet/http/HttpServletRequest;Ljakarta/servlet/http/HttpServletResponse;Ljakarta/servlet/FilterChain;)V+59
j  org.springframework.security.web.context.SecurityContextHolderFilter.doFilter(Ljakarta/servlet/ServletRequest;Ljakarta/servlet/ServletResponse;Ljakarta/servlet/FilterChain;)V+10
J 9212 c1 org.springframework.security.web.FilterChainProxy$VirtualFilterChain.doFilter(Ljakarta/servlet/ServletRequest;Ljakarta/servlet/ServletResponse;)V (111 bytes) @ 0x0000023eb900cb64 [0x0000023eb900c8c0+0x00000000000002a4]
J 10101 c1 org.springframework.web.filter.OncePerRequestFilter.doFilter(Ljakarta/servlet/ServletRequest;Ljakarta/servlet/ServletResponse;Ljakarta/servlet/FilterChain;)V (178 bytes) @ 0x0000023eb907e404 [0x0000023eb907dda0+0x0000000000000664]
J 9212 c1 org.springframework.security.web.FilterChainProxy$VirtualFilterChain.doFilter(Ljakarta/servlet/ServletRequest;Ljakarta/servlet/ServletResponse;)V (111 bytes) @ 0x0000023eb900cb64 [0x0000023eb900c8c0+0x00000000000002a4]
J 10101 c1 org.springframework.web.filter.OncePerRequestFilter.doFilter(Ljakarta/servlet/ServletRequest;Ljakarta/servlet/ServletResponse;Ljakarta/servlet/FilterChain;)V (178 bytes) @ 0x0000023eb907e404 [0x0000023eb907dda0+0x0000000000000664]
J 9212 c1 org.springframework.security.web.FilterChainProxy$VirtualFilterChain.doFilter(Ljakarta/servlet/ServletRequest;Ljakarta/servlet/ServletResponse;)V (111 bytes) @ 0x0000023eb900cb64 [0x0000023eb900c8c0+0x00000000000002a4]
j  org.springframework.security.web.FilterChainProxy.doFilterInternal(Ljakarta/servlet/ServletRequest;Ljakarta/servlet/ServletResponse;Ljakarta/servlet/FilterChain;)V+163
j  org.springframework.security.web.FilterChainProxy.doFilter(Ljakarta/servlet/ServletRequest;Ljakarta/servlet/ServletResponse;Ljakarta/servlet/FilterChain;)V+48
j  org.springframework.web.filter.CompositeFilter$VirtualFilterChain.doFilter(Ljakarta/servlet/ServletRequest;Ljakarta/servlet/ServletResponse;)V+63
j  org.springframework.web.filter.ServletRequestPathFilter.doFilter(Ljakarta/servlet/ServletRequest;Ljakarta/servlet/ServletResponse;Ljakarta/servlet/FilterChain;)V+25
j  org.springframework.web.filter.CompositeFilter$VirtualFilterChain.doFilter(Ljakarta/servlet/ServletRequest;Ljakarta/servlet/ServletResponse;)V+63
j  org.springframework.web.filter.CompositeFilter.doFilter(Ljakarta/servlet/ServletRequest;Ljakarta/servlet/ServletResponse;Ljakarta/servlet/FilterChain;)V+14
j  org.springframework.security.config.annotation.web.configuration.WebSecurityConfiguration$CompositeFilterChainProxy.doFilter(Ljakarta/servlet/ServletRequest;Ljakarta/servlet/ServletResponse;Ljakarta/servlet/FilterChain;)V+7
j  org.springframework.web.filter.CompositeFilter$VirtualFilterChain.doFilter(Ljakarta/servlet/ServletRequest;Ljakarta/servlet/ServletResponse;)V+63
j  org.springframework.web.servlet.handler.HandlerMappingIntrospector.lambda$createCacheFilter$4(Ljakarta/servlet/ServletRequest;Ljakarta/servlet/ServletResponse;Ljakarta/servlet/FilterChain;)V+13
j  org.springframework.web.servlet.handler.HandlerMappingIntrospector$$Lambda$1811+0x0000000100c59b78.doFilter(Ljakarta/servlet/ServletRequest;Ljakarta/servlet/ServletResponse;Ljakarta/servlet/FilterChain;)V+7
j  org.springframework.web.filter.CompositeFilter$VirtualFilterChain.doFilter(Ljakarta/servlet/ServletRequest;Ljakarta/servlet/ServletResponse;)V+63
j  org.springframework.web.filter.CompositeFilter.doFilter(Ljakarta/servlet/ServletRequest;Ljakarta/servlet/ServletResponse;Ljakarta/servlet/FilterChain;)V+14
j  org.springframework.security.config.annotation.web.configuration.WebMvcSecurityConfiguration$CompositeFilterChainProxy.doFilter(Ljakarta/servlet/ServletRequest;Ljakarta/servlet/ServletResponse;Ljakarta/servlet/FilterChain;)V+7
j  org.springframework.web.filter.DelegatingFilterProxy.invokeDelegate(Ljakarta/servlet/Filter;Ljakarta/servlet/ServletRequest;Ljakarta/servlet/ServletResponse;Ljakarta/servlet/FilterChain;)V+5
j  org.springframework.web.filter.DelegatingFilterProxy.doFilter(Ljakarta/servlet/ServletRequest;Ljakarta/servlet/ServletResponse;Ljakarta/servlet/FilterChain;)V+98
j  org.apache.catalina.core.ApplicationFilterChain.internalDoFilter(Ljakarta/servlet/ServletRequest;Ljakarta/servlet/ServletResponse;)V+130
J 10214 c1 org.apache.catalina.core.ApplicationFilterChain.doFilter(Ljakarta/servlet/ServletRequest;Ljakarta/servlet/ServletResponse;)V (103 bytes) @ 0x0000023eb91643d4 [0x0000023eb91643a0+0x0000000000000034]
j  org.springframework.web.filter.RequestContextFilter.doFilterInternal(Ljakarta/servlet/http/HttpServletRequest;Ljakarta/servlet/http/HttpServletResponse;Ljakarta/servlet/FilterChain;)V+21
J 10101 c1 org.springframework.web.filter.OncePerRequestFilter.doFilter(Ljakarta/servlet/ServletRequest;Ljakarta/servlet/ServletResponse;Ljakarta/servlet/FilterChain;)V (178 bytes) @ 0x0000023eb907e3a4 [0x0000023eb907dda0+0x0000000000000604]
j  org.apache.catalina.core.ApplicationFilterChain.internalDoFilter(Ljakarta/servlet/ServletRequest;Ljakarta/servlet/ServletResponse;)V+130
J 10214 c1 org.apache.catalina.core.ApplicationFilterChain.doFilter(Ljakarta/servlet/ServletRequest;Ljakarta/servlet/ServletResponse;)V (103 bytes) @ 0x0000023eb91643d4 [0x0000023eb91643a0+0x0000000000000034]
J 10101 c1 org.springframework.web.filter.OncePerRequestFilter.doFilter(Ljakarta/servlet/ServletRequest;Ljakarta/servlet/ServletResponse;Ljakarta/servlet/FilterChain;)V (178 bytes) @ 0x0000023eb907e404 [0x0000023eb907dda0+0x0000000000000664]
j  org.apache.catalina.core.ApplicationFilterChain.internalDoFilter(Ljakarta/servlet/ServletRequest;Ljakarta/servlet/ServletResponse;)V+130
J 10214 c1 org.apache.catalina.core.ApplicationFilterChain.doFilter(Ljakarta/servlet/ServletRequest;Ljakarta/servlet/ServletResponse;)V (103 bytes) @ 0x0000023eb91643d4 [0x0000023eb91643a0+0x0000000000000034]
J 10101 c1 org.springframework.web.filter.OncePerRequestFilter.doFilter(Ljakarta/servlet/ServletRequest;Ljakarta/servlet/ServletResponse;Ljakarta/servlet/FilterChain;)V (178 bytes) @ 0x0000023eb907e404 [0x0000023eb907dda0+0x0000000000000664]
j  org.apache.catalina.core.ApplicationFilterChain.internalDoFilter(Ljakarta/servlet/ServletRequest;Ljakarta/servlet/ServletResponse;)V+130
J 10214 c1 org.apache.catalina.core.ApplicationFilterChain.doFilter(Ljakarta/servlet/ServletRequest;Ljakarta/servlet/ServletResponse;)V (103 bytes) @ 0x0000023eb91643d4 [0x0000023eb91643a0+0x0000000000000034]
j  org.apache.catalina.core.ApplicationDispatcher.invoke(Ljakarta/servlet/ServletRequest;Ljakarta/servlet/ServletResponse;Lorg/apache/catalina/core/ApplicationDispatcher$State;)V+344
j  org.apache.catalina.core.ApplicationDispatcher.processRequest(Ljakarta/servlet/ServletRequest;Ljakarta/servlet/ServletResponse;Lorg/apache/catalina/core/ApplicationDispatcher$State;)V+103
j  org.apache.catalina.core.ApplicationDispatcher.doForward(Ljakarta/servlet/ServletRequest;Ljakarta/servlet/ServletResponse;)V+334
j  org.apache.catalina.core.ApplicationDispatcher.forward(Ljakarta/servlet/ServletRequest;Ljakarta/servlet/ServletResponse;)V+55
j  org.apache.catalina.core.StandardHostValve.custom(Lorg/apache/catalina/connector/Request;Lorg/apache/catalina/connector/Response;Lorg/apache/tomcat/util/descriptor/web/ErrorPage;)Z+180
j  org.apache.catalina.core.StandardHostValve.status(Lorg/apache/catalina/connector/Request;Lorg/apache/catalina/connector/Response;)V+89
J 10682 c1 org.apache.catalina.core.StandardHostValve.invoke(Lorg/apache/catalina/connector/Request;Lorg/apache/catalina/connector/Response;)V (405 bytes) @ 0x0000023eb91c7ec4 [0x0000023eb91c7360+0x0000000000000b64]
J 10887 c1 org.apache.catalina.valves.ErrorReportValve.invoke(Lorg/apache/catalina/connector/Request;Lorg/apache/catalina/connector/Response;)V (153 bytes) @ 0x0000023eb92813ac [0x0000023eb9281340+0x000000000000006c]
j  org.apache.catalina.core.StandardEngineValve.invoke(Lorg/apache/catalina/connector/Request;Lorg/apache/catalina/connector/Response;)V+59
j  org.apache.catalina.connector.CoyoteAdapter.service(Lorg/apache/coyote/Request;Lorg/apache/coyote/Response;)V+188
J 10642 c1 org.apache.coyote.http11.Http11Processor.service(Lorg/apache/tomcat/util/net/SocketWrapperBase;)Lorg/apache/tomcat/util/net/AbstractEndpoint$Handler$SocketState; (1243 bytes) @ 0x0000023eb91e18cc [0x0000023eb91e0cc0+0x0000000000000c0c]
J 10643 c1 org.apache.coyote.AbstractProcessorLight.process(Lorg/apache/tomcat/util/net/SocketWrapperBase;Lorg/apache/tomcat/util/net/SocketEvent;)Lorg/apache/tomcat/util/net/AbstractEndpoint$Handler$SocketState; (314 bytes) @ 0x0000023eb91de13c [0x0000023eb91ddd20+0x000000000000041c]
J 10713 c1 org.apache.coyote.AbstractProtocol$ConnectionHandler.process(Lorg/apache/tomcat/util/net/SocketWrapperBase;Lorg/apache/tomcat/util/net/SocketEvent;)Lorg/apache/tomcat/util/net/AbstractEndpoint$Handler$SocketState; (1314 bytes) @ 0x0000023eb91b57e4 [0x0000023eb91b46e0+0x0000000000001104]
J 10619 c1 org.apache.tomcat.util.net.NioEndpoint$SocketProcessor.doRun()V (573 bytes) @ 0x0000023eb91ea944 [0x0000023eb91ea4a0+0x00000000000004a4]
J 10864 c1 org.apache.tomcat.util.net.SocketProcessorBase.run()V (54 bytes) @ 0x0000023eb9296514 [0x0000023eb9296460+0x00000000000000b4]
j  org.apache.tomcat.util.threads.ThreadPoolExecutor.runWorker(Lorg/apache/tomcat/util/threads/ThreadPoolExecutor$Worker;)V+92
j  org.apache.tomcat.util.threads.ThreadPoolExecutor$Worker.run()V+5
j  org.apache.tomcat.util.threads.TaskThread$WrappingRunnable.run()V+4
j  java.lang.Thread.run()V+11 java.base@17.0.1
v  ~StubRoutines::call_stub

---------------  P R O C E S S  ---------------

Threads class SMR info:
_java_thread_list=0x0000023ec9484e10, length=55, elements={
0x0000023ec18445a0, 0x0000023ec1844e60, 0x0000023ec1856980, 0x0000023ec1857240,
0x0000023ec185a680, 0x0000023ec241ab70, 0x0000023ec241f4a0, 0x0000023ec242b4a0,
0x0000023ec17e4390, 0x0000023ec26872a0, 0x0000023ec2ff86a0, 0x0000023ec3b91fd0,
0x0000023ec2ffde50, 0x0000023ec3c057c0, 0x0000023ec3fed8a0, 0x0000023ec64222d0,
0x0000023ec6514530, 0x0000023ec6421e00, 0x0000023ec65d5740, 0x0000023ec65d60e0,
0x0000023ec8c4f8a0, 0x0000023ec6514a00, 0x0000023ec6514060, 0x0000023ec8cb3880,
0x0000023ec8cb33b0, 0x0000023ec8cb2a10, 0x0000023ec8c273e0, 0x0000023ec8c26a40,
0x0000023ec8c26f10, 0x0000023ec8cd55a0, 0x0000023ec8cd2f20, 0x0000023ec8cd4730,
0x0000023ec8cd38c0, 0x0000023ec8cd4c00, 0x0000023ec8cd33f0, 0x0000023ec8cd4260,
0x0000023ec8cd50d0, 0x0000023ec8cd5a70, 0x0000023ec8cd20b0, 0x0000023ec8cd2580,
0x0000023ec8cd2a50, 0x0000023ec8cd3d90, 0x0000023ec93034b0, 0x0000023ec93047f0,
0x0000023ec93064d0, 0x0000023ec9303e50, 0x0000023ec9324d30, 0x0000023ec8cb4220,
0x0000023ec48973b0, 0x0000023ec8cb5090, 0x0000023ec9109070, 0x0000023ec8cb4bc0,
0x0000023ec4897880, 0x0000023ec4896070, 0x0000023ec93069a0
}

Java Threads: ( => current thread )
  0x0000023ec18445a0 JavaThread "Reference Handler" daemon [_thread_blocked, id=11564, stack(0x000000f4f8000000,0x000000f4f8100000)]
  0x0000023ec1844e60 JavaThread "Finalizer" daemon [_thread_blocked, id=16172, stack(0x000000f4f8100000,0x000000f4f8200000)]
  0x0000023ec1856980 JavaThread "Signal Dispatcher" daemon [_thread_blocked, id=12596, stack(0x000000f4f8200000,0x000000f4f8300000)]
  0x0000023ec1857240 JavaThread "Attach Listener" daemon [_thread_blocked, id=13372, stack(0x000000f4f8300000,0x000000f4f8400000)]
  0x0000023ec185a680 JavaThread "Service Thread" daemon [_thread_blocked, id=13392, stack(0x000000f4f8400000,0x000000f4f8500000)]
  0x0000023ec241ab70 JavaThread "Monitor Deflation Thread" daemon [_thread_blocked, id=22856, stack(0x000000f4f8500000,0x000000f4f8600000)]
  0x0000023ec241f4a0 JavaThread "C1 CompilerThread0" daemon [_thread_blocked, id=5480, stack(0x000000f4f8600000,0x000000f4f8700000)]
  0x0000023ec242b4a0 JavaThread "Sweeper thread" daemon [_thread_blocked, id=11248, stack(0x000000f4f8700000,0x000000f4f8800000)]
  0x0000023ec17e4390 JavaThread "Common-Cleaner" daemon [_thread_blocked, id=19936, stack(0x000000f4f8800000,0x000000f4f8900000)]
  0x0000023ec26872a0 JavaThread "Notification Thread" daemon [_thread_blocked, id=23780, stack(0x000000f4f8a00000,0x000000f4f8b00000)]
  0x0000023ec2ff86a0 JavaThread "RMI TCP Accept-0" daemon [_thread_in_native, id=2976, stack(0x000000f4f8b00000,0x000000f4f8c00000)]
  0x0000023ec3b91fd0 JavaThread "RMI TCP Accept-56863" daemon [_thread_in_native, id=2156, stack(0x000000f4f8c00000,0x000000f4f8d00000)]
  0x0000023ec2ffde50 JavaThread "RMI TCP Accept-0" daemon [_thread_in_native, id=13584, stack(0x000000f4f8d00000,0x000000f4f8e00000)]
  0x0000023ec3c057c0 JavaThread "RMI Scheduler(0)" daemon [_thread_blocked, id=15884, stack(0x000000f4f9000000,0x000000f4f9100000)]
  0x0000023ec3fed8a0 JavaThread "JMX server connection timeout 22" daemon [_thread_blocked, id=25412, stack(0x000000f4f9900000,0x000000f4f9a00000)]
  0x0000023ec64222d0 JavaThread "Catalina-utility-1" [_thread_blocked, id=23784, stack(0x000000f4f9e00000,0x000000f4f9f00000)]
  0x0000023ec6514530 JavaThread "Catalina-utility-2" [_thread_blocked, id=23672, stack(0x000000f4fa200000,0x000000f4fa300000)]
  0x0000023ec6421e00 JavaThread "container-0" [_thread_blocked, id=1048, stack(0x000000f4fa300000,0x000000f4fa400000)]
  0x0000023ec65d5740 JavaThread "mysql-cj-abandoned-connection-cleanup" daemon [_thread_blocked, id=24132, stack(0x000000f4fa400000,0x000000f4fa500000)]
  0x0000023ec65d60e0 JavaThread "HikariPool-1:housekeeper" daemon [_thread_blocked, id=7972, stack(0x000000f4fa600000,0x000000f4fa700000)]
  0x0000023ec8c4f8a0 JavaThread "httpclient-main-1" daemon [_thread_blocked, id=23396, stack(0x000000f4fa800000,0x000000f4fa900000)]
  0x0000023ec6514a00 JavaThread "httpclient-dispatch-1" daemon [_thread_blocked, id=20756, stack(0x000000f4fa900000,0x000000f4faa00000)]
  0x0000023ec6514060 JavaThread "httpclient-dispatch-2" daemon [_thread_blocked, id=10940, stack(0x000000f4faa00000,0x000000f4fab00000)]
  0x0000023ec8cb3880 JavaThread "httpclient-dispatch-3" daemon [_thread_blocked, id=23976, stack(0x000000f4fab00000,0x000000f4fac00000)]
  0x0000023ec8cb33b0 JavaThread "httpclient-dispatch-4" daemon [_thread_blocked, id=8960, stack(0x000000f4fac00000,0x000000f4fad00000)]
  0x0000023ec8cb2a10 JavaThread "httpclient-dispatch-5" daemon [_thread_blocked, id=23204, stack(0x000000f4fad00000,0x000000f4fae00000)]
  0x0000023ec8c273e0 JavaThread "httpclient-dispatch-6" daemon [_thread_blocked, id=23584, stack(0x000000f4fae00000,0x000000f4faf00000)]
  0x0000023ec8c26a40 JavaThread "httpclient-dispatch-7" daemon [_thread_blocked, id=11420, stack(0x000000f4faf00000,0x000000f4fb000000)]
  0x0000023ec8c26f10 JavaThread "httpclient-dispatch-8" daemon [_thread_blocked, id=12956, stack(0x000000f4fb000000,0x000000f4fb100000)]
  0x0000023ec8cd55a0 JavaThread "httpclient-dispatch-9" daemon [_thread_blocked, id=23940, stack(0x000000f4fb100000,0x000000f4fb200000)]
  0x0000023ec8cd2f20 JavaThread "httpclient-dispatch-10" daemon [_thread_blocked, id=23228, stack(0x000000f4fb200000,0x000000f4fb300000)]
  0x0000023ec8cd4730 JavaThread "httpclient-dispatch-11" daemon [_thread_blocked, id=11700, stack(0x000000f4fb300000,0x000000f4fb400000)]
  0x0000023ec8cd38c0 JavaThread "httpclient-dispatch-12" daemon [_thread_blocked, id=3920, stack(0x000000f4fb400000,0x000000f4fb500000)]
  0x0000023ec8cd4c00 JavaThread "MessageBroker-1" [_thread_blocked, id=20680, stack(0x000000f4fa700000,0x000000f4fa800000)]
  0x0000023ec8cd33f0 JavaThread "http-nio-0.0.0.0-8080-exec-1" daemon [_thread_blocked, id=21184, stack(0x000000f4fb500000,0x000000f4fb600000)]
  0x0000023ec8cd4260 JavaThread "http-nio-0.0.0.0-8080-exec-2" daemon [_thread_blocked, id=15164, stack(0x000000f4fb600000,0x000000f4fb700000)]
  0x0000023ec8cd50d0 JavaThread "http-nio-0.0.0.0-8080-exec-3" daemon [_thread_in_vm, id=3460, stack(0x000000f4fb700000,0x000000f4fb800000)]
  0x0000023ec8cd5a70 JavaThread "http-nio-0.0.0.0-8080-exec-4" daemon [_thread_blocked, id=22568, stack(0x000000f4fb800000,0x000000f4fb900000)]
  0x0000023ec8cd20b0 JavaThread "http-nio-0.0.0.0-8080-exec-5" daemon [_thread_in_vm, id=13200, stack(0x000000f4fb900000,0x000000f4fba00000)]
  0x0000023ec8cd2580 JavaThread "http-nio-0.0.0.0-8080-exec-6" daemon [_thread_blocked, id=13540, stack(0x000000f4fba00000,0x000000f4fbb00000)]
  0x0000023ec8cd2a50 JavaThread "http-nio-0.0.0.0-8080-exec-7" daemon [_thread_blocked, id=23704, stack(0x000000f4fbb00000,0x000000f4fbc00000)]
=>0x0000023ec8cd3d90 JavaThread "http-nio-0.0.0.0-8080-exec-8" daemon [_thread_in_vm, id=6580, stack(0x000000f4fbc00000,0x000000f4fbd00000)]
  0x0000023ec93034b0 JavaThread "http-nio-0.0.0.0-8080-exec-9" daemon [_thread_blocked, id=22816, stack(0x000000f4fbd00000,0x000000f4fbe00000)]
  0x0000023ec93047f0 JavaThread "http-nio-0.0.0.0-8080-exec-10" daemon [_thread_in_vm, id=23484, stack(0x000000f4fbe00000,0x000000f4fbf00000)]
  0x0000023ec93064d0 JavaThread "http-nio-0.0.0.0-8080-Poller" daemon [_thread_blocked, id=22820, stack(0x000000f4fbf00000,0x000000f4fc000000)]
  0x0000023ec9303e50 JavaThread "http-nio-0.0.0.0-8080-Acceptor" daemon [_thread_in_native, id=5896, stack(0x000000f4fc000000,0x000000f4fc100000)]
  0x0000023ec9324d30 JavaThread "MessageBroker-2" [_thread_blocked, id=15408, stack(0x000000f4fc100000,0x000000f4fc200000)]
  0x0000023ec8cb4220 JavaThread "DestroyJavaVM" [_thread_blocked, id=12640, stack(0x000000f4f7900000,0x000000f4f7a00000)]
  0x0000023ec48973b0 JavaThread "MessageBroker-3" [_thread_blocked, id=18288, stack(0x000000f4fc200000,0x000000f4fc300000)]
  0x0000023ec8cb5090 JavaThread "RMI TCP Connection(46)-127.0.0.1" daemon [_thread_in_native, id=10444, stack(0x000000f4fc800000,0x000000f4fc900000)]
  0x0000023ec9109070 JavaThread "MessageBroker-4" [_thread_blocked, id=24008, stack(0x000000f4f7600000,0x000000f4f7700000)]
  0x0000023ec8cb4bc0 JavaThread "MessageBroker-5" [_thread_blocked, id=25748, stack(0x000000f4f8f00000,0x000000f4f9000000)]
  0x0000023ec4897880 JavaThread "MessageBroker-6" [_thread_blocked, id=23236, stack(0x000000f4f7700000,0x000000f4f7800000)]
  0x0000023ec4896070 JavaThread "MessageBroker-7" [_thread_blocked, id=26012, stack(0x000000f4f7800000,0x000000f4f7900000)]
  0x0000023ec93069a0 JavaThread "MessageBroker-8" [_thread_blocked, id=24168, stack(0x000000f4f8900000,0x000000f4f8a00000)]

Other Threads:
  0x0000023ec183e050 VMThread "VM Thread" [stack: 0x000000f4f7f00000,0x000000f4f8000000] [id=11704] _threads_hazard_ptr=0x0000023ec9484e10
  0x0000023eb4a56140 WatcherThread [stack: 0x000000f4f8e00000,0x000000f4f8f00000] [id=21120]
  0x0000023eb4a3e430 GCTaskThread "GC Thread#0" [stack: 0x000000f4f7a00000,0x000000f4f7b00000] [id=23232]
  0x0000023ec3c03e70 GCTaskThread "GC Thread#1" [stack: 0x000000f4f9100000,0x000000f4f9200000] [id=5500]
  0x0000023ec3c84ea0 GCTaskThread "GC Thread#2" [stack: 0x000000f4f9200000,0x000000f4f9300000] [id=16168]
  0x0000023ec3c64710 GCTaskThread "GC Thread#3" [stack: 0x000000f4f9300000,0x000000f4f9400000] [id=9388]
  0x0000023ec3c649c0 GCTaskThread "GC Thread#4" [stack: 0x000000f4f9400000,0x000000f4f9500000] [id=23944]
  0x0000023ec3c52580 GCTaskThread "GC Thread#5" [stack: 0x000000f4f9500000,0x000000f4f9600000] [id=19560]
  0x0000023ec3ca9850 GCTaskThread "GC Thread#6" [stack: 0x000000f4f9600000,0x000000f4f9700000] [id=12636]
  0x0000023ec4062fc0 GCTaskThread "GC Thread#7" [stack: 0x000000f4f9a00000,0x000000f4f9b00000] [id=18208]
  0x0000023ec4063270 GCTaskThread "GC Thread#8" [stack: 0x000000f4f9b00000,0x000000f4f9c00000] [id=24624]
  0x0000023ec419fae0 GCTaskThread "GC Thread#9" [stack: 0x000000f4f9f00000,0x000000f4fa000000] [id=21256]
  0x0000023eb4a4ae40 ConcurrentGCThread "G1 Main Marker" [stack: 0x000000f4f7b00000,0x000000f4f7c00000] [id=22560]
  0x0000023eb4a4cbd0 ConcurrentGCThread "G1 Conc#0" [stack: 0x000000f4f7c00000,0x000000f4f7d00000] [id=21852]
  0x0000023ec4227c00 ConcurrentGCThread "G1 Conc#1" [stack: 0x000000f4fa000000,0x000000f4fa100000] [id=21284]
  0x0000023ec41e28b0 ConcurrentGCThread "G1 Conc#2" [stack: 0x000000f4fa100000,0x000000f4fa200000] [id=1680]
  0x0000023eb4aace10 ConcurrentGCThread "G1 Refine#0" [stack: 0x000000f4f7d00000,0x000000f4f7e00000] [id=18968]
  0x0000023ec3c64120 ConcurrentGCThread "G1 Refine#1" [stack: 0x000000f4f9700000,0x000000f4f9800000] [id=7332]
  0x0000023eb4aae650 ConcurrentGCThread "G1 Service" [stack: 0x000000f4f7e00000,0x000000f4f7f00000] [id=9968]

Threads with active compile tasks:

VM state: synchronizing (normal execution)

VM Mutex/Monitor currently owned by a thread:  ([mutex/lock_event])
[0x0000023eb279fee0] Metaspace_lock - owner thread: 0x0000023ec8cd3d90
[0x0000023eb4a017a0] Threads_lock - owner thread: 0x0000023ec183e050

Heap address: 0x00000000a2200000, size: 1502 MB, Compressed Oops mode: 32-bit

CDS archive(s) not mapped
Compressed class space mapped at: 0x0000000100000000-0x0000000140000000, reserved size: 1073741824
Narrow klass base: 0x0000000000000000, Narrow klass shift: 3, Narrow klass range: 0x140000000

GC Precious Log:
 CPUs: 12 total, 12 available
 Memory: 6005M
 Large Page Support: Disabled
 NUMA Support: Disabled
 Compressed Oops: Enabled (32-bit)
 Heap Region Size: 1M
 Heap Min Capacity: 8M
 Heap Initial Capacity: 94M
 Heap Max Capacity: 1502M
 Pre-touch: Disabled
 Parallel Workers: 10
 Concurrent Workers: 3
 Concurrent Refinement Workers: 10
 Periodic GC: Disabled

Heap:
 garbage-first heap   total 112640K, used 82214K [0x00000000a2200000, 0x0000000100000000)
  region size 1024K, 38 young (38912K), 6 survivors (6144K)
 Metaspace       used 101573K, committed 102336K, reserved 1138688K
  class space    used 14336K, committed 14720K, reserved 1048576K

Heap Regions: E=young(eden), S=young(survivor), O=old, HS=humongous(starts), HC=humongous(continues), CS=collection set, F=free, OA=open archive, CA=closed archive, TAMS=top-at-mark-start (previous, next)
|   0|0x00000000a2200000, 0x00000000a2300000, 0x00000000a2300000|100%|HS|  |TAMS 0x00000000a2300000, 0x00000000a2200000| Complete 
|   1|0x00000000a2300000, 0x00000000a2400000, 0x00000000a2400000|100%|HS|  |TAMS 0x00000000a2400000, 0x00000000a2300000| Complete 
|   2|0x00000000a2400000, 0x00000000a2500000, 0x00000000a2500000|100%| O|  |TAMS 0x00000000a2500000, 0x00000000a2400000| Untracked 
|   3|0x00000000a2500000, 0x00000000a2600000, 0x00000000a2600000|100%| O|  |TAMS 0x00000000a2600000, 0x00000000a2500000| Untracked 
|   4|0x00000000a2600000, 0x00000000a2700000, 0x00000000a2700000|100%| O|  |TAMS 0x00000000a2700000, 0x00000000a2600000| Untracked 
|   5|0x00000000a2700000, 0x00000000a2800000, 0x00000000a2800000|100%| O|  |TAMS 0x00000000a2800000, 0x00000000a2700000| Untracked 
|   6|0x00000000a2800000, 0x00000000a2900000, 0x00000000a2900000|100%| O|  |TAMS 0x00000000a2900000, 0x00000000a2800000| Untracked 
|   7|0x00000000a2900000, 0x00000000a2a00000, 0x00000000a2a00000|100%| O|  |TAMS 0x00000000a2a00000, 0x00000000a2900000| Untracked 
|   8|0x00000000a2a00000, 0x00000000a2b00000, 0x00000000a2b00000|100%| O|  |TAMS 0x00000000a2b00000, 0x00000000a2a00000| Untracked 
|   9|0x00000000a2b00000, 0x00000000a2c00000, 0x00000000a2c00000|100%| O|  |TAMS 0x00000000a2c00000, 0x00000000a2b00000| Untracked 
|  10|0x00000000a2c00000, 0x00000000a2d00000, 0x00000000a2d00000|100%| O|  |TAMS 0x00000000a2d00000, 0x00000000a2c00000| Untracked 
|  11|0x00000000a2d00000, 0x00000000a2e00000, 0x00000000a2e00000|100%| O|  |TAMS 0x00000000a2e00000, 0x00000000a2d00000| Untracked 
|  12|0x00000000a2e00000, 0x00000000a2f00000, 0x00000000a2f00000|100%| O|  |TAMS 0x00000000a2f00000, 0x00000000a2e00000| Untracked 
|  13|0x00000000a2f00000, 0x00000000a3000000, 0x00000000a3000000|100%| O|  |TAMS 0x00000000a3000000, 0x00000000a2f00000| Untracked 
|  14|0x00000000a3000000, 0x00000000a3100000, 0x00000000a3100000|100%| O|  |TAMS 0x00000000a3100000, 0x00000000a3000000| Untracked 
|  15|0x00000000a3100000, 0x00000000a3200000, 0x00000000a3200000|100%| O|  |TAMS 0x00000000a3200000, 0x00000000a3100000| Untracked 
|  16|0x00000000a3200000, 0x00000000a3300000, 0x00000000a3300000|100%| O|  |TAMS 0x00000000a3300000, 0x00000000a3200000| Untracked 
|  17|0x00000000a3300000, 0x00000000a3400000, 0x00000000a3400000|100%| O|  |TAMS 0x00000000a3400000, 0x00000000a3300000| Untracked 
|  18|0x00000000a3400000, 0x00000000a3500000, 0x00000000a3500000|100%| O|  |TAMS 0x00000000a3500000, 0x00000000a3400000| Untracked 
|  19|0x00000000a3500000, 0x00000000a3600000, 0x00000000a3600000|100%| O|  |TAMS 0x00000000a3600000, 0x00000000a3500000| Untracked 
|  20|0x00000000a3600000, 0x00000000a3700000, 0x00000000a3700000|100%| O|  |TAMS 0x00000000a3700000, 0x00000000a3600000| Untracked 
|  21|0x00000000a3700000, 0x00000000a3800000, 0x00000000a3800000|100%| O|  |TAMS 0x00000000a3800000, 0x00000000a3700000| Untracked 
|  22|0x00000000a3800000, 0x00000000a3900000, 0x00000000a3900000|100%| O|  |TAMS 0x00000000a3900000, 0x00000000a3800000| Untracked 
|  23|0x00000000a3900000, 0x00000000a3a00000, 0x00000000a3a00000|100%| O|  |TAMS 0x00000000a3a00000, 0x00000000a3900000| Untracked 
|  24|0x00000000a3a00000, 0x00000000a3b00000, 0x00000000a3b00000|100%| O|  |TAMS 0x00000000a3b00000, 0x00000000a3a00000| Untracked 
|  25|0x00000000a3b00000, 0x00000000a3c00000, 0x00000000a3c00000|100%| O|  |TAMS 0x00000000a3c00000, 0x00000000a3b00000| Untracked 
|  26|0x00000000a3c00000, 0x00000000a3d00000, 0x00000000a3d00000|100%| O|  |TAMS 0x00000000a3d00000, 0x00000000a3c00000| Untracked 
|  27|0x00000000a3d00000, 0x00000000a3e00000, 0x00000000a3e00000|100%| O|  |TAMS 0x00000000a3e00000, 0x00000000a3d00000| Untracked 
|  28|0x00000000a3e00000, 0x00000000a3f00000, 0x00000000a3f00000|100%| O|  |TAMS 0x00000000a3f00000, 0x00000000a3e00000| Untracked 
|  29|0x00000000a3f00000, 0x00000000a4000000, 0x00000000a4000000|100%| O|  |TAMS 0x00000000a4000000, 0x00000000a3f00000| Untracked 
|  30|0x00000000a4000000, 0x00000000a4100000, 0x00000000a4100000|100%| O|  |TAMS 0x00000000a4100000, 0x00000000a4000000| Untracked 
|  31|0x00000000a4100000, 0x00000000a4200000, 0x00000000a4200000|100%| O|  |TAMS 0x00000000a4200000, 0x00000000a4100000| Untracked 
|  32|0x00000000a4200000, 0x00000000a4300000, 0x00000000a4300000|100%| O|  |TAMS 0x00000000a4300000, 0x00000000a4200000| Untracked 
|  33|0x00000000a4300000, 0x00000000a4400000, 0x00000000a4400000|100%| O|  |TAMS 0x00000000a4400000, 0x00000000a4300000| Untracked 
|  34|0x00000000a4400000, 0x00000000a4500000, 0x00000000a4500000|100%| O|  |TAMS 0x00000000a4500000, 0x00000000a4400000| Untracked 
|  35|0x00000000a4500000, 0x00000000a4600000, 0x00000000a4600000|100%| O|  |TAMS 0x00000000a4600000, 0x00000000a4500000| Untracked 
|  36|0x00000000a4600000, 0x00000000a4700000, 0x00000000a4700000|100%| O|  |TAMS 0x00000000a4700000, 0x00000000a4600000| Untracked 
|  37|0x00000000a4700000, 0x00000000a4800000, 0x00000000a4800000|100%| O|  |TAMS 0x00000000a4800000, 0x00000000a4700000| Untracked 
|  38|0x00000000a4800000, 0x00000000a4900000, 0x00000000a4900000|100%| O|  |TAMS 0x00000000a4900000, 0x00000000a4800000| Untracked 
|  39|0x00000000a4900000, 0x00000000a4a00000, 0x00000000a4a00000|100%| O|  |TAMS 0x00000000a4a00000, 0x00000000a4900000| Untracked 
|  40|0x00000000a4a00000, 0x00000000a4b00000, 0x00000000a4b00000|100%| O|  |TAMS 0x00000000a4a37408, 0x00000000a4a00000| Untracked 
|  41|0x00000000a4b00000, 0x00000000a4c00000, 0x00000000a4c00000|100%| O|  |TAMS 0x00000000a4b00000, 0x00000000a4b00000| Untracked 
|  42|0x00000000a4c00000, 0x00000000a4d00000, 0x00000000a4d00000|100%| O|  |TAMS 0x00000000a4c00000, 0x00000000a4c00000| Untracked 
|  43|0x00000000a4d00000, 0x00000000a4e00000, 0x00000000a4e00000|100%| O|  |TAMS 0x00000000a4d00000, 0x00000000a4d00000| Untracked 
|  44|0x00000000a4e00000, 0x00000000a4e8fe00, 0x00000000a4f00000| 56%| O|  |TAMS 0x00000000a4e00000, 0x00000000a4e00000| Untracked 
|  45|0x00000000a4f00000, 0x00000000a4f00000, 0x00000000a5000000|  0%| F|  |TAMS 0x00000000a4f00000, 0x00000000a4f00000| Untracked 
|  46|0x00000000a5000000, 0x00000000a5000000, 0x00000000a5100000|  0%| F|  |TAMS 0x00000000a5000000, 0x00000000a5000000| Untracked 
|  47|0x00000000a5100000, 0x00000000a5100000, 0x00000000a5200000|  0%| F|  |TAMS 0x00000000a5100000, 0x00000000a5100000| Untracked 
|  48|0x00000000a5200000, 0x00000000a5200000, 0x00000000a5300000|  0%| F|  |TAMS 0x00000000a5200000, 0x00000000a5200000| Untracked 
|  49|0x00000000a5300000, 0x00000000a5300000, 0x00000000a5400000|  0%| F|  |TAMS 0x00000000a5300000, 0x00000000a5300000| Untracked 
|  50|0x00000000a5400000, 0x00000000a5400000, 0x00000000a5500000|  0%| F|  |TAMS 0x00000000a5400000, 0x00000000a5400000| Untracked 
|  51|0x00000000a5500000, 0x00000000a5500000, 0x00000000a5600000|  0%| F|  |TAMS 0x00000000a5500000, 0x00000000a5500000| Untracked 
|  52|0x00000000a5600000, 0x00000000a5600000, 0x00000000a5700000|  0%| F|  |TAMS 0x00000000a5600000, 0x00000000a5600000| Untracked 
|  53|0x00000000a5700000, 0x00000000a5700000, 0x00000000a5800000|  0%| F|  |TAMS 0x00000000a5700000, 0x00000000a5700000| Untracked 
|  54|0x00000000a5800000, 0x00000000a5800000, 0x00000000a5900000|  0%| F|  |TAMS 0x00000000a5800000, 0x00000000a5800000| Untracked 
|  55|0x00000000a5900000, 0x00000000a59b9bc8, 0x00000000a5a00000| 72%| S|CS|TAMS 0x00000000a5900000, 0x00000000a5900000| Complete 
|  56|0x00000000a5a00000, 0x00000000a5b00000, 0x00000000a5b00000|100%| S|CS|TAMS 0x00000000a5a00000, 0x00000000a5a00000| Complete 
|  57|0x00000000a5b00000, 0x00000000a5c00000, 0x00000000a5c00000|100%| S|CS|TAMS 0x00000000a5b00000, 0x00000000a5b00000| Complete 
|  58|0x00000000a5c00000, 0x00000000a5d00000, 0x00000000a5d00000|100%| S|CS|TAMS 0x00000000a5c00000, 0x00000000a5c00000| Complete 
|  59|0x00000000a5d00000, 0x00000000a5d00000, 0x00000000a5e00000|  0%| F|  |TAMS 0x00000000a5d00000, 0x00000000a5d00000| Untracked 
|  60|0x00000000a5e00000, 0x00000000a5e00000, 0x00000000a5f00000|  0%| F|  |TAMS 0x00000000a5e00000, 0x00000000a5e00000| Untracked 
|  61|0x00000000a5f00000, 0x00000000a5f00000, 0x00000000a6000000|  0%| F|  |TAMS 0x00000000a5f00000, 0x00000000a5f00000| Untracked 
|  62|0x00000000a6000000, 0x00000000a6000000, 0x00000000a6100000|  0%| F|  |TAMS 0x00000000a6000000, 0x00000000a6000000| Untracked 
|  63|0x00000000a6100000, 0x00000000a6100000, 0x00000000a6200000|  0%| F|  |TAMS 0x00000000a6100000, 0x00000000a6100000| Untracked 
|  64|0x00000000a6200000, 0x00000000a6200000, 0x00000000a6300000|  0%| F|  |TAMS 0x00000000a6200000, 0x00000000a6200000| Untracked 
|  65|0x00000000a6300000, 0x00000000a6300000, 0x00000000a6400000|  0%| F|  |TAMS 0x00000000a6300000, 0x00000000a6300000| Untracked 
|  66|0x00000000a6400000, 0x00000000a6500000, 0x00000000a6500000|100%| S|CS|TAMS 0x00000000a6400000, 0x00000000a6400000| Complete 
|  67|0x00000000a6500000, 0x00000000a6600000, 0x00000000a6600000|100%| S|CS|TAMS 0x00000000a6500000, 0x00000000a6500000| Complete 
|  68|0x00000000a6600000, 0x00000000a6600000, 0x00000000a6700000|  0%| F|  |TAMS 0x00000000a6600000, 0x00000000a6600000| Untracked 
|  69|0x00000000a6700000, 0x00000000a6700000, 0x00000000a6800000|  0%| F|  |TAMS 0x00000000a6700000, 0x00000000a6700000| Untracked 
|  70|0x00000000a6800000, 0x00000000a6800000, 0x00000000a6900000|  0%| F|  |TAMS 0x00000000a6800000, 0x00000000a6800000| Untracked 
|  71|0x00000000a6900000, 0x00000000a6900000, 0x00000000a6a00000|  0%| F|  |TAMS 0x00000000a6900000, 0x00000000a6900000| Untracked 
|  72|0x00000000a6a00000, 0x00000000a6a00000, 0x00000000a6b00000|  0%| F|  |TAMS 0x00000000a6a00000, 0x00000000a6a00000| Untracked 
|  73|0x00000000a6b00000, 0x00000000a6b00000, 0x00000000a6c00000|  0%| F|  |TAMS 0x00000000a6b00000, 0x00000000a6b00000| Untracked 
|  74|0x00000000a6c00000, 0x00000000a6c00000, 0x00000000a6d00000|  0%| F|  |TAMS 0x00000000a6c00000, 0x00000000a6c00000| Untracked 
|  75|0x00000000a6d00000, 0x00000000a6d00000, 0x00000000a6e00000|  0%| F|  |TAMS 0x00000000a6d00000, 0x00000000a6d00000| Untracked 
|  76|0x00000000a6e00000, 0x00000000a6e00000, 0x00000000a6f00000|  0%| F|  |TAMS 0x00000000a6e00000, 0x00000000a6e00000| Untracked 
|  77|0x00000000a6f00000, 0x00000000a6f00000, 0x00000000a7000000|  0%| F|  |TAMS 0x00000000a6f00000, 0x00000000a6f00000| Untracked 
|  78|0x00000000a7000000, 0x00000000a701b658, 0x00000000a7100000| 10%| E|  |TAMS 0x00000000a7000000, 0x00000000a7000000| Complete 
|  79|0x00000000a7100000, 0x00000000a7200000, 0x00000000a7200000|100%| E|CS|TAMS 0x00000000a7100000, 0x00000000a7100000| Complete 
|  80|0x00000000a7200000, 0x00000000a7300000, 0x00000000a7300000|100%| E|CS|TAMS 0x00000000a7200000, 0x00000000a7200000| Complete 
|  81|0x00000000a7300000, 0x00000000a7400000, 0x00000000a7400000|100%| E|CS|TAMS 0x00000000a7300000, 0x00000000a7300000| Complete 
|  82|0x00000000a7400000, 0x00000000a7500000, 0x00000000a7500000|100%| E|CS|TAMS 0x00000000a7400000, 0x00000000a7400000| Complete 
|  83|0x00000000a7500000, 0x00000000a7600000, 0x00000000a7600000|100%| E|CS|TAMS 0x00000000a7500000, 0x00000000a7500000| Complete 
|  84|0x00000000a7600000, 0x00000000a7700000, 0x00000000a7700000|100%| E|CS|TAMS 0x00000000a7600000, 0x00000000a7600000| Complete 
|  85|0x00000000a7700000, 0x00000000a7800000, 0x00000000a7800000|100%| E|CS|TAMS 0x00000000a7700000, 0x00000000a7700000| Complete 
|  86|0x00000000a7800000, 0x00000000a7900000, 0x00000000a7900000|100%| E|CS|TAMS 0x00000000a7800000, 0x00000000a7800000| Complete 
|  87|0x00000000a7900000, 0x00000000a7a00000, 0x00000000a7a00000|100%| E|CS|TAMS 0x00000000a7900000, 0x00000000a7900000| Complete 
|  88|0x00000000a7a00000, 0x00000000a7b00000, 0x00000000a7b00000|100%| E|CS|TAMS 0x00000000a7a00000, 0x00000000a7a00000| Complete 
|  89|0x00000000a7b00000, 0x00000000a7c00000, 0x00000000a7c00000|100%| E|CS|TAMS 0x00000000a7b00000, 0x00000000a7b00000| Complete 
|  90|0x00000000a7c00000, 0x00000000a7d00000, 0x00000000a7d00000|100%| E|CS|TAMS 0x00000000a7c00000, 0x00000000a7c00000| Complete 
|  91|0x00000000a7d00000, 0x00000000a7e00000, 0x00000000a7e00000|100%| E|CS|TAMS 0x00000000a7d00000, 0x00000000a7d00000| Complete 
|  92|0x00000000a7e00000, 0x00000000a7f00000, 0x00000000a7f00000|100%| E|CS|TAMS 0x00000000a7e00000, 0x00000000a7e00000| Complete 
|  93|0x00000000a7f00000, 0x00000000a8000000, 0x00000000a8000000|100%| E|CS|TAMS 0x00000000a7f00000, 0x00000000a7f00000| Complete 
|  94|0x00000000a8000000, 0x00000000a8100000, 0x00000000a8100000|100%| E|CS|TAMS 0x00000000a8000000, 0x00000000a8000000| Complete 
|  95|0x00000000a8100000, 0x00000000a8200000, 0x00000000a8200000|100%| E|CS|TAMS 0x00000000a8100000, 0x00000000a8100000| Complete 
|  96|0x00000000a8200000, 0x00000000a8300000, 0x00000000a8300000|100%| E|CS|TAMS 0x00000000a8200000, 0x00000000a8200000| Complete 
|  97|0x00000000a8300000, 0x00000000a8400000, 0x00000000a8400000|100%| E|CS|TAMS 0x00000000a8300000, 0x00000000a8300000| Complete 
|  98|0x00000000a8400000, 0x00000000a8500000, 0x00000000a8500000|100%| E|CS|TAMS 0x00000000a8400000, 0x00000000a8400000| Complete 
|  99|0x00000000a8500000, 0x00000000a8600000, 0x00000000a8600000|100%| E|CS|TAMS 0x00000000a8500000, 0x00000000a8500000| Complete 
| 100|0x00000000a8600000, 0x00000000a8700000, 0x00000000a8700000|100%| E|CS|TAMS 0x00000000a8600000, 0x00000000a8600000| Complete 
| 101|0x00000000a8700000, 0x00000000a8800000, 0x00000000a8800000|100%| E|CS|TAMS 0x00000000a8700000, 0x00000000a8700000| Complete 
| 102|0x00000000a8800000, 0x00000000a8900000, 0x00000000a8900000|100%| E|CS|TAMS 0x00000000a8800000, 0x00000000a8800000| Complete 
| 103|0x00000000a8900000, 0x00000000a8a00000, 0x00000000a8a00000|100%| E|  |TAMS 0x00000000a8900000, 0x00000000a8900000| Complete 
| 104|0x00000000a8a00000, 0x00000000a8b00000, 0x00000000a8b00000|100%| E|CS|TAMS 0x00000000a8a00000, 0x00000000a8a00000| Complete 
| 105|0x00000000a8b00000, 0x00000000a8c00000, 0x00000000a8c00000|100%| E|CS|TAMS 0x00000000a8b00000, 0x00000000a8b00000| Complete 
| 106|0x00000000a8c00000, 0x00000000a8d00000, 0x00000000a8d00000|100%| E|CS|TAMS 0x00000000a8c00000, 0x00000000a8c00000| Complete 
| 107|0x00000000a8d00000, 0x00000000a8e00000, 0x00000000a8e00000|100%| E|CS|TAMS 0x00000000a8d00000, 0x00000000a8d00000| Complete 
| 114|0x00000000a9400000, 0x00000000a9500000, 0x00000000a9500000|100%| E|CS|TAMS 0x00000000a9400000, 0x00000000a9400000| Complete 
| 115|0x00000000a9500000, 0x00000000a9600000, 0x00000000a9600000|100%| E|CS|TAMS 0x00000000a9500000, 0x00000000a9500000| Complete 

Card table byte_map: [0x0000023ebb6a0000,0x0000023ebb990000] _byte_map_base: 0x0000023ebb18f000

Marking Bits (Prev, Next): (CMBitMap*) 0x0000023eb4a3e990, (CMBitMap*) 0x0000023eb4a3e950
 Prev Bits: [0x0000023ebd400000, 0x0000023ebeb78000)
 Next Bits: [0x0000023ebbc80000, 0x0000023ebd3f8000)

Polling page: 0x0000023eb4130000

Metaspace:

Usage:
  Non-class:     85.19 MB used.
      Class:     14.00 MB used.
       Both:     99.19 MB used.

Virtual space:
  Non-class space:       88.00 MB reserved,      85.56 MB ( 97%) committed,  11 nodes.
      Class space:        1.00 GB reserved,      14.38 MB (  1%) committed,  1 nodes.
             Both:        1.09 GB reserved,      99.94 MB (  9%) committed. 

Chunk freelists:
   Non-Class:  2.17 MB
       Class:  1.59 MB
        Both:  3.77 MB

MaxMetaspaceSize: unlimited
CompressedClassSpaceSize: 1.00 GB
Initial GC threshold: 21.00 MB
Current GC threshold: 158.38 MB
CDS: off
MetaspaceReclaimPolicy: balanced
 - commit_granule_bytes: 65536.
 - commit_granule_words: 8192.
 - virtual_space_node_default_size: 1048576.
 - enlarge_chunks_in_place: 1.
 - new_chunks_are_fully_committed: 0.
 - uncommit_free_chunks: 1.
 - use_allocation_guard: 0.
 - handle_deallocations: 1.


Internal statistics:

num_allocs_failed_limit: 11.
num_arena_births: 1238.
num_arena_deaths: 0.
num_vsnodes_births: 12.
num_vsnodes_deaths: 0.
num_space_committed: 1599.
num_space_uncommitted: 0.
num_chunks_returned_to_freelist: 11.
num_chunks_taken_from_freelist: 4605.
num_chunk_merges: 11.
num_chunk_splits: 3320.
num_chunks_enlarged: 2546.
num_purges: 0.
num_inconsistent_stats: 0.

CodeCache: size=49152Kb used=18375Kb max_used=19893Kb free=30776Kb
 bounds [0x0000023eb8080000, 0x0000023eb9450000, 0x0000023ebb080000]
 total_blobs=11693 nmethods=10934 adapters=685
 compilation: enabled
              stopped_count=0, restarted_count=0
 full_count=0

Compilation events (20 events):
Event: 2289.368 Thread 0x0000023ec241f4a0 11007       1       org.springframework.web.servlet.mvc.condition.ProducesRequestCondition::getExpressionsToCompare (23 bytes)
Event: 2289.368 Thread 0x0000023ec241f4a0 nmethod 11007 0x0000023eb9255790 code [0x0000023eb9255940, 0x0000023eb9255a88]
Event: 2289.368 Thread 0x0000023ec241f4a0 11006       1       org.apache.catalina.core.ApplicationHttpRequest::getAttribute (122 bytes)
Event: 2289.369 Thread 0x0000023ec241f4a0 nmethod 11006 0x0000023eb9255010 code [0x0000023eb9255220, 0x0000023eb9255598]
Event: 2289.369 Thread 0x0000023ec241f4a0 11008       1       org.apache.catalina.core.ApplicationHttpRequest::getSpecial (36 bytes)
Event: 2289.370 Thread 0x0000023ec241f4a0 nmethod 11008 0x0000023eb9254b10 code [0x0000023eb9254cc0, 0x0000023eb9254e88]
Event: 2289.371 Thread 0x0000023ec241f4a0 11004       1       org.springframework.web.servlet.handler.AbstractHandlerMapping::getHandler (244 bytes)
Event: 2289.395 Thread 0x0000023ec241f4a0 nmethod 11004 0x0000023eb9253910 code [0x0000023eb9253c40, 0x0000023eb9254528]
Event: 2289.395 Thread 0x0000023ec241f4a0 11010       1       org.springframework.orm.jpa.EntityManagerFactoryAccessor::obtainEntityManagerFactory (21 bytes)
Event: 2289.397 Thread 0x0000023ec241f4a0 nmethod 11010 0x0000023eb9253510 code [0x0000023eb92536a0, 0x0000023eb9253828]
Event: 2289.397 Thread 0x0000023ec241f4a0 11009       1       org.springframework.util.CollectionUtils::newLinkedHashMap (14 bytes)
Event: 2289.400 Thread 0x0000023ec241f4a0 nmethod 11009 0x0000023eb9253010 code [0x0000023eb9253220, 0x0000023eb92533d8]
Event: 2289.400 Thread 0x0000023ec241f4a0 11005       1       org.springframework.web.servlet.handler.AbstractHandlerMethodMapping$MappingRegistry::getRegistrations (5 bytes)
Event: 2289.401 Thread 0x0000023ec241f4a0 nmethod 11005 0x0000023eb9252d10 code [0x0000023eb9252ea0, 0x0000023eb9252f78]
Event: 2289.430 Thread 0x0000023ec241f4a0 11011       1       org.springframework.core.MethodParameter::getNestedParameterType (138 bytes)
Event: 2289.437 Thread 0x0000023ec241f4a0 nmethod 11011 0x0000023eb9252110 code [0x0000023eb9252360, 0x0000023eb92529e8]
Event: 2289.437 Thread 0x0000023ec241f4a0 11012       1       org.springframework.core.MethodParameter::getParameterAnnotation (47 bytes)
Event: 2289.439 Thread 0x0000023ec241f4a0 nmethod 11012 0x0000023eb9251c90 code [0x0000023eb9251e40, 0x0000023eb9251fe8]
Event: 2289.439 Thread 0x0000023ec241f4a0 11013       1       org.springframework.core.annotation.AnnotatedMethod$AnnotatedMethodParameter::getParameterAnnotations (235 bytes)
Event: 2289.444 Thread 0x0000023ec241f4a0 nmethod 11013 0x0000023eb9250c10 code [0x0000023eb9250e80, 0x0000023eb92516a8]

GC Heap History (20 events):
Event: 7.583 GC heap before
{Heap before GC invocations=15 (full 0):
 garbage-first heap   total 118784K, used 94681K [0x00000000a2200000, 0x0000000100000000)
  region size 1024K, 68 young (69632K), 1 survivors (1024K)
 Metaspace       used 58544K, committed 59072K, reserved 1105920K
  class space    used 7760K, committed 8000K, reserved 1048576K
}
Event: 7.587 GC heap after
{Heap after GC invocations=16 (full 0):
 garbage-first heap   total 118784K, used 29913K [0x00000000a2200000, 0x0000000100000000)
  region size 1024K, 5 young (5120K), 5 survivors (5120K)
 Metaspace       used 58544K, committed 59072K, reserved 1105920K
  class space    used 7760K, committed 8000K, reserved 1048576K
}
Event: 7.815 GC heap before
{Heap before GC invocations=16 (full 0):
 garbage-first heap   total 118784K, used 43225K [0x00000000a2200000, 0x0000000100000000)
  region size 1024K, 19 young (19456K), 5 survivors (5120K)
 Metaspace       used 59954K, committed 60416K, reserved 1105920K
  class space    used 7959K, committed 8192K, reserved 1048576K
}
Event: 7.818 GC heap after
{Heap after GC invocations=17 (full 0):
 garbage-first heap   total 118784K, used 31069K [0x00000000a2200000, 0x0000000100000000)
  region size 1024K, 6 young (6144K), 6 survivors (6144K)
 Metaspace       used 59954K, committed 60416K, reserved 1105920K
  class space    used 7959K, committed 8192K, reserved 1048576K
}
Event: 9.130 GC heap before
{Heap before GC invocations=18 (full 0):
 garbage-first heap   total 112640K, used 91485K [0x00000000a2200000, 0x0000000100000000)
  region size 1024K, 66 young (67584K), 6 survivors (6144K)
 Metaspace       used 70419K, committed 70976K, reserved 1114112K
  class space    used 9578K, committed 9856K, reserved 1048576K
}
Event: 9.135 GC heap after
{Heap after GC invocations=19 (full 0):
 garbage-first heap   total 112640K, used 33113K [0x00000000a2200000, 0x0000000100000000)
  region size 1024K, 4 young (4096K), 4 survivors (4096K)
 Metaspace       used 70419K, committed 70976K, reserved 1114112K
  class space    used 9578K, committed 9856K, reserved 1048576K
}
Event: 9.161 GC heap before
{Heap before GC invocations=19 (full 0):
 garbage-first heap   total 112640K, used 34137K [0x00000000a2200000, 0x0000000100000000)
  region size 1024K, 5 young (5120K), 4 survivors (4096K)
 Metaspace       used 70660K, committed 71168K, reserved 1114112K
  class space    used 9621K, committed 9856K, reserved 1048576K
}
Event: 9.164 GC heap after
{Heap after GC invocations=20 (full 0):
 garbage-first heap   total 112640K, used 33424K [0x00000000a2200000, 0x0000000100000000)
  region size 1024K, 1 young (1024K), 1 survivors (1024K)
 Metaspace       used 70660K, committed 71168K, reserved 1114112K
  class space    used 9621K, committed 9856K, reserved 1048576K
}
Event: 10.779 GC heap before
{Heap before GC invocations=20 (full 0):
 garbage-first heap   total 112640K, used 91792K [0x00000000a2200000, 0x0000000100000000)
  region size 1024K, 58 young (59392K), 1 survivors (1024K)
 Metaspace       used 80573K, committed 81152K, reserved 1122304K
  class space    used 11147K, committed 11392K, reserved 1048576K
}
Event: 10.785 GC heap after
{Heap after GC invocations=21 (full 0):
 garbage-first heap   total 112640K, used 38210K [0x00000000a2200000, 0x0000000100000000)
  region size 1024K, 6 young (6144K), 6 survivors (6144K)
 Metaspace       used 80573K, committed 81152K, reserved 1122304K
  class space    used 11147K, committed 11392K, reserved 1048576K
}
Event: 11.331 GC heap before
{Heap before GC invocations=21 (full 0):
 garbage-first heap   total 112640K, used 89410K [0x00000000a2200000, 0x0000000100000000)
  region size 1024K, 57 young (58368K), 6 survivors (6144K)
 Metaspace       used 84721K, committed 85376K, reserved 1130496K
  class space    used 11859K, committed 12160K, reserved 1048576K
}
Event: 11.337 GC heap after
{Heap after GC invocations=22 (full 0):
 garbage-first heap   total 112640K, used 41441K [0x00000000a2200000, 0x0000000100000000)
  region size 1024K, 4 young (4096K), 4 survivors (4096K)
 Metaspace       used 84721K, committed 85376K, reserved 1130496K
  class space    used 11859K, committed 12160K, reserved 1048576K
}
Event: 11.532 GC heap before
{Heap before GC invocations=22 (full 0):
 garbage-first heap   total 112640K, used 89569K [0x00000000a2200000, 0x0000000100000000)
  region size 1024K, 51 young (52224K), 4 survivors (4096K)
 Metaspace       used 85130K, committed 85760K, reserved 1130496K
  class space    used 11924K, committed 12224K, reserved 1048576K
}
Event: 11.536 GC heap after
{Heap after GC invocations=23 (full 0):
 garbage-first heap   total 112640K, used 42264K [0x00000000a2200000, 0x0000000100000000)
  region size 1024K, 4 young (4096K), 4 survivors (4096K)
 Metaspace       used 85130K, committed 85760K, reserved 1130496K
  class space    used 11924K, committed 12224K, reserved 1048576K
}
Event: 12.653 GC heap before
{Heap before GC invocations=24 (full 0):
 garbage-first heap   total 112640K, used 91416K [0x00000000a2200000, 0x0000000100000000)
  region size 1024K, 52 young (53248K), 4 survivors (4096K)
 Metaspace       used 88837K, committed 89472K, reserved 1130496K
  class space    used 12539K, committed 12800K, reserved 1048576K
}
Event: 12.658 GC heap after
{Heap after GC invocations=25 (full 0):
 garbage-first heap   total 112640K, used 46132K [0x00000000a2200000, 0x0000000100000000)
  region size 1024K, 5 young (5120K), 5 survivors (5120K)
 Metaspace       used 88837K, committed 89472K, reserved 1130496K
  class space    used 12539K, committed 12800K, reserved 1048576K
}
Event: 23.285 GC heap before
{Heap before GC invocations=25 (full 0):
 garbage-first heap   total 112640K, used 90164K [0x00000000a2200000, 0x0000000100000000)
  region size 1024K, 49 young (50176K), 5 survivors (5120K)
 Metaspace       used 96482K, committed 97152K, reserved 1138688K
  class space    used 13623K, committed 13952K, reserved 1048576K
}
Event: 23.291 GC heap after
{Heap after GC invocations=26 (full 0):
 garbage-first heap   total 112640K, used 49372K [0x00000000a2200000, 0x0000000100000000)
  region size 1024K, 7 young (7168K), 7 survivors (7168K)
 Metaspace       used 96482K, committed 97152K, reserved 1138688K
  class space    used 13623K, committed 13952K, reserved 1048576K
}
Event: 559.901 GC heap before
{Heap before GC invocations=27 (full 0):
 garbage-first heap   total 112640K, used 91356K [0x00000000a2200000, 0x0000000100000000)
  region size 1024K, 49 young (50176K), 7 survivors (7168K)
 Metaspace       used 101374K, committed 102208K, reserved 1138688K
  class space    used 14302K, committed 14720K, reserved 1048576K
}
Event: 560.015 GC heap after
{Heap after GC invocations=28 (full 0):
 garbage-first heap   total 112640K, used 51494K [0x00000000a2200000, 0x0000000100000000)
  region size 1024K, 6 young (6144K), 6 survivors (6144K)
 Metaspace       used 101374K, committed 102208K, reserved 1138688K
  class space    used 14302K, committed 14720K, reserved 1048576K
}

Deoptimization events (20 events):
Event: 0.667 Thread 0x0000023eb4a04290 DEOPT PACKING pc=0x0000023eb82754e5 sp=0x000000f4f79fc4a0
Event: 0.667 Thread 0x0000023eb4a04290 DEOPT UNPACKING pc=0x0000023eb80d2b43 sp=0x000000f4f79fba00 mode 3
Event: 1.505 Thread 0x0000023eb4a04290 DEOPT PACKING pc=0x0000023eb82e4475 sp=0x000000f4f79fd550
Event: 1.505 Thread 0x0000023eb4a04290 DEOPT UNPACKING pc=0x0000023eb80d2b43 sp=0x000000f4f79fc9a8 mode 3
Event: 2.440 Thread 0x0000023eb4a04290 DEOPT PACKING pc=0x0000023eb8665f99 sp=0x000000f4f79fd0f0
Event: 2.440 Thread 0x0000023eb4a04290 DEOPT UNPACKING pc=0x0000023eb80d2b43 sp=0x000000f4f79fc5d0 mode 3
Event: 2.668 Thread 0x0000023eb4a04290 DEOPT PACKING pc=0x0000023eb86aa5d5 sp=0x000000f4f79fd6f0
Event: 2.668 Thread 0x0000023eb4a04290 DEOPT UNPACKING pc=0x0000023eb80d2b43 sp=0x000000f4f79fcb98 mode 3
Event: 4.243 Thread 0x0000023eb4a04290 DEOPT PACKING pc=0x0000023eb88f3d40 sp=0x000000f4f79fc600
Event: 4.243 Thread 0x0000023eb4a04290 DEOPT UNPACKING pc=0x0000023eb80d2b43 sp=0x000000f4f79fba70 mode 3
Event: 4.257 Thread 0x0000023eb4a04290 DEOPT PACKING pc=0x0000023eb890ba99 sp=0x000000f4f79fdab0
Event: 4.257 Thread 0x0000023eb4a04290 DEOPT UNPACKING pc=0x0000023eb80d2b43 sp=0x000000f4f79fcf90 mode 3
Event: 5.217 Thread 0x0000023eb4a04290 DEOPT PACKING pc=0x0000023eb89a3d7d sp=0x000000f4f79fd200
Event: 5.217 Thread 0x0000023eb4a04290 DEOPT UNPACKING pc=0x0000023eb80d2b43 sp=0x000000f4f79fc768 mode 3
Event: 23.460 Thread 0x0000023ec93348d0 DEOPT PACKING pc=0x0000023eb8209fb4 sp=0x000000f4f9cfe090
Event: 23.460 Thread 0x0000023ec93348d0 DEOPT UNPACKING pc=0x0000023eb80d2b43 sp=0x000000f4f9cfd510 mode 3
Event: 23.463 Thread 0x0000023ec93348d0 DEOPT PACKING pc=0x0000023eb8205f63 sp=0x000000f4f9cfe0e0
Event: 23.463 Thread 0x0000023ec93348d0 DEOPT UNPACKING pc=0x0000023eb80d2b43 sp=0x000000f4f9cfd570 mode 3
Event: 264.125 Thread 0x0000023ec8cd4260 DEOPT PACKING pc=0x0000023eb85b12fb sp=0x000000f4fb6fabb0
Event: 264.125 Thread 0x0000023ec8cd4260 DEOPT UNPACKING pc=0x0000023eb80d2b43 sp=0x000000f4fb6fa0d8 mode 3

Classes unloaded (0 events):
No events

Classes redefined (0 events):
No events

Internal exceptions (20 events):
Event: 23.075 Thread 0x0000023ec8cd4260 Exception <a 'java/lang/NoSuchMethodError'{0x00000000a67cf2d8}: 'int java.lang.invoke.DirectMethodHandle$Holder.invokeStatic(java.lang.Object, java.lang.Object, int, int)'> (0x00000000a67cf2d8) 
thrown [e:\jenkins\tmp\workspace\build\src\src\hotspot\share\interpreter\linkResolver.cpp, line 766]
Event: 23.189 Thread 0x0000023ec8cd4260 Exception <a 'java/lang/NoSuchMethodError'{0x00000000a65818b8}: 'java.lang.Object java.lang.invoke.DirectMethodHandle$Holder.newInvokeSpecial(java.lang.Object, java.lang.Object, java.lang.Object, long)'> (0x00000000a65818b8) 
thrown [e:\jenkins\tmp\workspace\build\src\src\hotspot\share\interpreter\linkResolver.cpp, line 766]
Event: 23.189 Thread 0x0000023ec8cd4260 Exception <a 'java/lang/NoSuchMethodError'{0x00000000a6586138}: 'java.lang.Object java.lang.invoke.DirectMethodHandle$Holder.invokeSpecial(java.lang.Object, java.lang.Object, java.lang.Object, java.lang.Object, long)'> (0x00000000a6586138) 
thrown [e:\jenkins\tmp\workspace\build\src\src\hotspot\share\interpreter\linkResolver.cpp, line 766]
Event: 23.189 Thread 0x0000023ec8cd4260 Exception <a 'java/lang/NoSuchMethodError'{0x00000000a658a310}: 'java.lang.Object java.lang.invoke.Invokers$Holder.linkToTargetMethod(java.lang.Object, java.lang.Object, long, java.lang.Object)'> (0x00000000a658a310) 
thrown [e:\jenkins\tmp\workspace\build\src\src\hotspot\share\interpreter\linkResolver.cpp, line 766]
Event: 24.005 Thread 0x0000023ec93348d0 Exception <a 'java/lang/NullPointerException'{0x00000000a8481468}> (0x00000000a8481468) 
thrown [e:\jenkins\tmp\workspace\build\src\src\hotspot\share\interpreter\linkResolver.cpp, line 1440]
Event: 24.061 Thread 0x0000023ec93348d0 Exception <a 'java/lang/NoSuchMethodError'{0x00000000a8258f60}: 'java.lang.Object java.lang.invoke.DirectMethodHandle$Holder.newInvokeSpecial(java.lang.Object, java.lang.Object, java.lang.Object, java.lang.Object, java.lang.Object, java.lang.Object, java.lang.Object, java.lang.Object)'> (0x00000000a8258f60) 
thrown [e:\jenkins\tmp\workspace\build\src\src\hotspot\share\interpreter\linkResolver.cpp, line 766]
Event: 24.071 Thread 0x0000023ec93348d0 Exception <a 'java/lang/NoSuchMethodError'{0x00000000a82b4ab0}: 'void java.lang.invoke.DirectMethodHandle$Holder.invokeVirtual(java.lang.Object, java.lang.Object, java.lang.Object, java.lang.Object, java.lang.Object, java.lang.Object)'> (0x00000000a82b4ab0) 
thrown [e:\jenkins\tmp\workspace\build\src\src\hotspot\share\interpreter\linkResolver.cpp, line 766]
Event: 24.209 Thread 0x0000023ec93348d0 Exception <a 'java/lang/NoSuchMethodError'{0x00000000a81f06c8}: 'int java.lang.invoke.DirectMethodHandle$Holder.invokeStaticInit(java.lang.Object)'> (0x00000000a81f06c8) 
thrown [e:\jenkins\tmp\workspace\build\src\src\hotspot\share\interpreter\linkResolver.cpp, line 766]
Event: 24.773 Thread 0x0000023ec8cd4260 Exception <a 'java/lang/IncompatibleClassChangeError'{0x00000000a8c6b668}: Found class java.lang.Object, but interface was expected> (0x00000000a8c6b668) 
thrown [e:\jenkins\tmp\workspace\build\src\src\hotspot\share\interpreter\linkResolver.cpp, line 833]
Event: 72.990 Thread 0x0000023ec9324d30 Exception <a 'java/lang/NoSuchMethodError'{0x00000000a7452240}: 'java.lang.Object java.lang.invoke.DirectMethodHandle$Holder.invokeSpecial(java.lang.Object, java.lang.Object, long, int, int, int, int, int, int, int, int, int)'> (0x00000000a7452240) 
thrown [e:\jenkins\tmp\workspace\build\src\src\hotspot\share\interpreter\linkResolver.cpp, line 766]
Event: 72.990 Thread 0x0000023ec9324d30 Exception <a 'java/lang/NoSuchMethodError'{0x00000000a7455ed8}: 'java.lang.Object java.lang.invoke.DelegatingMethodHandle$Holder.reinvoke_L(java.lang.Object, long, int, int, int, int, int, int, int, int, int)'> (0x00000000a7455ed8) 
thrown [e:\jenkins\tmp\workspace\build\src\src\hotspot\share\interpreter\linkResolver.cpp, line 766]
Event: 263.859 Thread 0x0000023ec8cd4260 Exception <a 'java/lang/IncompatibleClassChangeError'{0x00000000a6fb8440}: Found class java.lang.Object, but interface was expected> (0x00000000a6fb8440) 
thrown [e:\jenkins\tmp\workspace\build\src\src\hotspot\share\interpreter\linkResolver.cpp, line 833]
Event: 284.321 Thread 0x0000023ec8cd20b0 Exception <a 'java/lang/NoSuchMethodError'{0x00000000a6cc7848}: 'java.lang.Object java.lang.invoke.Invokers$Holder.linkToTargetMethod(java.lang.Object, int, java.lang.Object, java.lang.Object, java.lang.Object, java.lang.Object)'> (0x00000000a6cc7848) 
thrown [e:\jenkins\tmp\workspace\build\src\src\hotspot\share\interpreter\linkResolver.cpp, line 766]
Event: 284.324 Thread 0x0000023ec8cd20b0 Exception <a 'java/lang/NoSuchMethodError'{0x00000000a6cd4cc0}: 'int java.lang.invoke.DirectMethodHandle$Holder.invokeStatic(java.lang.Object, java.lang.Object, int, java.lang.Object)'> (0x00000000a6cd4cc0) 
thrown [e:\jenkins\tmp\workspace\build\src\src\hotspot\share\interpreter\linkResolver.cpp, line 766]
Event: 614.026 Thread 0x0000023ec8cd33f0 Exception <a 'java/lang/NoSuchMethodError'{0x00000000a9406fe8}: 'java.lang.Object java.lang.invoke.DirectMethodHandle$Holder.invokeStaticInit(java.lang.Object, int)'> (0x00000000a9406fe8) 
thrown [e:\jenkins\tmp\workspace\build\src\src\hotspot\share\interpreter\linkResolver.cpp, line 766]
Event: 1411.038 Thread 0x0000023ec6a5d3c0 Exception <a 'java/io/IOException'{0x00000000a8607520}> (0x00000000a8607520) 
thrown [e:\jenkins\tmp\workspace\build\src\src\hotspot\share\prims\jni.cpp, line 516]
Event: 1411.055 Thread 0x0000023ec6a5d3c0 Exception <a 'java/io/IOException'{0x00000000a8608060}> (0x00000000a8608060) 
thrown [e:\jenkins\tmp\workspace\build\src\src\hotspot\share\prims\jni.cpp, line 516]
Event: 1642.221 Thread 0x0000023ec6a5c550 Exception <a 'java/net/SocketException'{0x00000000a7aff6a0}: Connection reset by peer: shutdown> (0x00000000a7aff6a0) 
thrown [e:\jenkins\tmp\workspace\build\src\src\hotspot\share\prims\jni.cpp, line 535]
Event: 1754.248 Thread 0x0000023ec9305b30 Exception <a 'java/net/SocketException'{0x00000000a78e4c90}: Connection reset by peer: shutdown> (0x00000000a78e4c90) 
thrown [e:\jenkins\tmp\workspace\build\src\src\hotspot\share\prims\jni.cpp, line 535]
Event: 2027.041 Thread 0x0000023ec8cd2580 Exception <a 'java/io/IOException'{0x00000000a721d290}> (0x00000000a721d290) 
thrown [e:\jenkins\tmp\workspace\build\src\src\hotspot\share\prims\jni.cpp, line 516]

VM Operations (20 events):
Event: 1642.712 Executing VM operation: Cleanup done
Event: 1765.680 Executing VM operation: Cleanup
Event: 1765.723 Executing VM operation: Cleanup done
Event: 1766.733 Executing VM operation: Cleanup
Event: 1766.805 Executing VM operation: Cleanup done
Event: 1768.819 Executing VM operation: Cleanup
Event: 1768.820 Executing VM operation: Cleanup done
Event: 1788.982 Executing VM operation: Cleanup
Event: 1788.999 Executing VM operation: Cleanup done
Event: 1791.025 Executing VM operation: Cleanup
Event: 1791.073 Executing VM operation: Cleanup done
Event: 1792.081 Executing VM operation: Cleanup
Event: 1792.081 Executing VM operation: Cleanup done
Event: 1814.218 Executing VM operation: Cleanup
Event: 1814.218 Executing VM operation: Cleanup done
Event: 2114.274 Executing VM operation: Cleanup
Event: 2114.279 Executing VM operation: Cleanup done
Event: 2288.619 Executing VM operation: Cleanup
Event: 2288.637 Executing VM operation: Cleanup done
Event: 2290.650 Executing VM operation: Cleanup

Events (20 events):
Event: 1789.196 Thread 0x0000023ec65a5890 Thread added: 0x0000023ec65a5890
Event: 1791.279 Thread 0x0000023ec65a5890 Thread exited: 0x0000023ec65a5890
Event: 1791.354 Thread 0x0000023ec6a5f860 Thread exited: 0x0000023ec6a5f860
Event: 1791.354 Thread 0x0000023ec684e8e0 Thread exited: 0x0000023ec684e8e0
Event: 1791.380 Thread 0x0000023ec684e8e0 Thread added: 0x0000023ec684e8e0
Event: 1791.381 Thread 0x0000023ec6a5f860 Thread added: 0x0000023ec6a5f860
Event: 1792.340 Thread 0x0000023ec6a5f860 Thread exited: 0x0000023ec6a5f860
Event: 1797.379 Thread 0x0000023ec684e8e0 Thread exited: 0x0000023ec684e8e0
Event: 1813.460 Thread 0x0000023ec4896070 Thread added: 0x0000023ec4896070
Event: 1873.031 Thread 0x0000023ec93069a0 Thread added: 0x0000023ec93069a0
Event: 2289.279 loading class java/util/stream/ReferencePipeline$4
Event: 2289.298 loading class java/util/stream/ReferencePipeline$4 done
Event: 2289.303 loading class java/util/function/IntBinaryOperator
Event: 2289.304 loading class java/util/function/IntBinaryOperator done
Event: 2289.307 loading class java/util/stream/ReduceOps$7
Event: 2289.317 loading class java/util/stream/ReduceOps$7 done
Event: 2289.317 loading class java/util/stream/ReduceOps$6ReducingSink
Event: 2289.320 loading class java/util/stream/ReduceOps$6ReducingSink done
Event: 2289.321 loading class java/util/stream/ReferencePipeline$4$1
Event: 2289.327 loading class java/util/stream/ReferencePipeline$4$1 done


Dynamic libraries:
0x00007ff781f80000 - 0x00007ff781f8e000 	C:\Users\mranj\Downloads\spring-tool-suite-4-4.13.1.RELEASE-e4.22.0-win32.win32.x86_64.self-extracting\contents\sts-4.13.1.RELEASE\plugins\org.eclipse.justj.openjdk.hotspot.jre.full.win32.x86_64_17.0.1.v20211116-1657\jre\bin\javaw.exe
0x00007ff98d4a0000 - 0x00007ff98d708000 	C:\WINDOWS\SYSTEM32\ntdll.dll
0x00007ff98c720000 - 0x00007ff98c7e9000 	C:\WINDOWS\System32\KERNEL32.DLL
0x00007ff98a5f0000 - 0x00007ff98a9e8000 	C:\WINDOWS\System32\KERNELBASE.dll
0x00007ff98b0f0000 - 0x00007ff98b23b000 	C:\WINDOWS\System32\ucrtbase.dll
0x00007ff97cd00000 - 0x00007ff97cd18000 	C:\Users\mranj\Downloads\spring-tool-suite-4-4.13.1.RELEASE-e4.22.0-win32.win32.x86_64.self-extracting\contents\sts-4.13.1.RELEASE\plugins\org.eclipse.justj.openjdk.hotspot.jre.full.win32.x86_64_17.0.1.v20211116-1657\jre\bin\jli.dll
0x00007ff97b5d0000 - 0x00007ff97b5e9000 	C:\Users\mranj\Downloads\spring-tool-suite-4-4.13.1.RELEASE-e4.22.0-win32.win32.x86_64.self-extracting\contents\sts-4.13.1.RELEASE\plugins\org.eclipse.justj.openjdk.hotspot.jre.full.win32.x86_64_17.0.1.v20211116-1657\jre\bin\VCRUNTIME140.dll
0x00007ff98cff0000 - 0x00007ff98d1b7000 	C:\WINDOWS\System32\USER32.dll
0x00007ff98ac10000 - 0x00007ff98ac37000 	C:\WINDOWS\System32\win32u.dll
0x00007ff96bc10000 - 0x00007ff96bea4000 	C:\WINDOWS\WinSxS\amd64_microsoft.windows.common-controls_6595b64144ccf1df_6.0.26100.7019_none_3e06ffa0e335b8a8\COMCTL32.dll
0x00007ff98c900000 - 0x00007ff98c92b000 	C:\WINDOWS\System32\GDI32.dll
0x00007ff98cda0000 - 0x00007ff98ce49000 	C:\WINDOWS\System32\msvcrt.dll
0x00007ff98afc0000 - 0x00007ff98b0ec000 	C:\WINDOWS\System32\gdi32full.dll
0x00007ff98a9f0000 - 0x00007ff98aa93000 	C:\WINDOWS\System32\msvcp_win.dll
0x00007ff98cfb0000 - 0x00007ff98cfe1000 	C:\WINDOWS\System32\IMM32.DLL
0x00007ff97ca70000 - 0x00007ff97ca7c000 	C:\Users\mranj\Downloads\spring-tool-suite-4-4.13.1.RELEASE-e4.22.0-win32.win32.x86_64.self-extracting\contents\sts-4.13.1.RELEASE\plugins\org.eclipse.justj.openjdk.hotspot.jre.full.win32.x86_64_17.0.1.v20211116-1657\jre\bin\vcruntime140_1.dll
0x00007ff960b80000 - 0x00007ff960c11000 	C:\Users\mranj\Downloads\spring-tool-suite-4-4.13.1.RELEASE-e4.22.0-win32.win32.x86_64.self-extracting\contents\sts-4.13.1.RELEASE\plugins\org.eclipse.justj.openjdk.hotspot.jre.full.win32.x86_64_17.0.1.v20211116-1657\jre\bin\msvcp140.dll
0x00007ff8b1ab0000 - 0x00007ff8b26f6000 	C:\Users\mranj\Downloads\spring-tool-suite-4-4.13.1.RELEASE-e4.22.0-win32.win32.x86_64.self-extracting\contents\sts-4.13.1.RELEASE\plugins\org.eclipse.justj.openjdk.hotspot.jre.full.win32.x86_64_17.0.1.v20211116-1657\jre\bin\server\jvm.dll
0x00007ff98c940000 - 0x00007ff98c9f4000 	C:\WINDOWS\System32\ADVAPI32.dll
0x00007ff98cbe0000 - 0x00007ff98cc86000 	C:\WINDOWS\System32\sechost.dll
0x00007ff98c600000 - 0x00007ff98c718000 	C:\WINDOWS\System32\RPCRT4.dll
0x00007ff98c930000 - 0x00007ff98c938000 	C:\WINDOWS\System32\PSAPI.DLL
0x00007ff9685d0000 - 0x00007ff9685da000 	C:\WINDOWS\SYSTEM32\WSOCK32.dll
0x00007ff982050000 - 0x00007ff98205b000 	C:\WINDOWS\SYSTEM32\VERSION.dll
0x00007ff982010000 - 0x00007ff982045000 	C:\WINDOWS\SYSTEM32\WINMM.dll
0x00007ff98c0f0000 - 0x00007ff98c164000 	C:\WINDOWS\System32\WS2_32.dll
0x00007ff9893b0000 - 0x00007ff9893cb000 	C:\WINDOWS\SYSTEM32\kernel.appcore.dll
0x00007ff97d9a0000 - 0x00007ff97d9aa000 	C:\Users\mranj\Downloads\spring-tool-suite-4-4.13.1.RELEASE-e4.22.0-win32.win32.x86_64.self-extracting\contents\sts-4.13.1.RELEASE\plugins\org.eclipse.justj.openjdk.hotspot.jre.full.win32.x86_64_17.0.1.v20211116-1657\jre\bin\jimage.dll
0x00007ff987f90000 - 0x00007ff9881d2000 	C:\WINDOWS\SYSTEM32\DBGHELP.DLL
0x00007ff98b9d0000 - 0x00007ff98bd5b000 	C:\WINDOWS\System32\combase.dll
0x00007ff98ce50000 - 0x00007ff98cf27000 	C:\WINDOWS\System32\OLEAUT32.dll
0x00007ff9745b0000 - 0x00007ff9745ec000 	C:\WINDOWS\SYSTEM32\dbgcore.DLL
0x00007ff98acd0000 - 0x00007ff98ad75000 	C:\WINDOWS\System32\bcryptPrimitives.dll
0x00007ff97b980000 - 0x00007ff97b9a5000 	C:\Users\mranj\Downloads\spring-tool-suite-4-4.13.1.RELEASE-e4.22.0-win32.win32.x86_64.self-extracting\contents\sts-4.13.1.RELEASE\plugins\org.eclipse.justj.openjdk.hotspot.jre.full.win32.x86_64_17.0.1.v20211116-1657\jre\bin\java.dll
0x00007ff97b930000 - 0x00007ff97b948000 	C:\Users\mranj\Downloads\spring-tool-suite-4-4.13.1.RELEASE-e4.22.0-win32.win32.x86_64.self-extracting\contents\sts-4.13.1.RELEASE\plugins\org.eclipse.justj.openjdk.hotspot.jre.full.win32.x86_64_17.0.1.v20211116-1657\jre\bin\zip.dll
0x00007ff98b270000 - 0x00007ff98b9bf000 	C:\WINDOWS\System32\SHELL32.dll
0x00007ff98aaa0000 - 0x00007ff98ac0b000 	C:\WINDOWS\System32\wintypes.dll
0x00007ff988250000 - 0x00007ff988aad000 	C:\WINDOWS\SYSTEM32\windows.storage.dll
0x00007ff98bde0000 - 0x00007ff98bed2000 	C:\WINDOWS\System32\SHCORE.dll
0x00007ff98c860000 - 0x00007ff98c8c7000 	C:\WINDOWS\System32\shlwapi.dll
0x00007ff98a510000 - 0x00007ff98a539000 	C:\WINDOWS\SYSTEM32\profapi.dll
0x00007ff97b910000 - 0x00007ff97b929000 	C:\Users\mranj\Downloads\spring-tool-suite-4-4.13.1.RELEASE-e4.22.0-win32.win32.x86_64.self-extracting\contents\sts-4.13.1.RELEASE\plugins\org.eclipse.justj.openjdk.hotspot.jre.full.win32.x86_64_17.0.1.v20211116-1657\jre\bin\net.dll
0x00007ff9834c0000 - 0x00007ff9835e8000 	C:\WINDOWS\SYSTEM32\WINHTTP.dll
0x00007ff989920000 - 0x00007ff98998b000 	C:\WINDOWS\system32\mswsock.dll
0x00007ff97b8f0000 - 0x00007ff97b905000 	C:\Users\mranj\Downloads\spring-tool-suite-4-4.13.1.RELEASE-e4.22.0-win32.win32.x86_64.self-extracting\contents\sts-4.13.1.RELEASE\plugins\org.eclipse.justj.openjdk.hotspot.jre.full.win32.x86_64_17.0.1.v20211116-1657\jre\bin\nio.dll
0x00007ff97b8c0000 - 0x00007ff97b8c9000 	C:\Users\mranj\Downloads\spring-tool-suite-4-4.13.1.RELEASE-e4.22.0-win32.win32.x86_64.self-extracting\contents\sts-4.13.1.RELEASE\plugins\org.eclipse.justj.openjdk.hotspot.jre.full.win32.x86_64_17.0.1.v20211116-1657\jre\bin\management.dll
0x00007ff97b880000 - 0x00007ff97b88b000 	C:\Users\mranj\Downloads\spring-tool-suite-4-4.13.1.RELEASE-e4.22.0-win32.win32.x86_64.self-extracting\contents\sts-4.13.1.RELEASE\plugins\org.eclipse.justj.openjdk.hotspot.jre.full.win32.x86_64_17.0.1.v20211116-1657\jre\bin\management_ext.dll
0x00007ff96e800000 - 0x00007ff96e818000 	C:\WINDOWS\system32\napinsp.dll
0x00007ff988eb0000 - 0x00007ff988fdc000 	C:\WINDOWS\SYSTEM32\DNSAPI.dll
0x00007ff988e10000 - 0x00007ff988e44000 	C:\WINDOWS\SYSTEM32\IPHLPAPI.DLL
0x00007ff98c8f0000 - 0x00007ff98c8fa000 	C:\WINDOWS\System32\NSI.dll
0x00007ff96e7e0000 - 0x00007ff96e7f2000 	C:\WINDOWS\System32\winrnr.dll
0x00007ff96e0a0000 - 0x00007ff96e0c2000 	C:\WINDOWS\system32\nlansp_c.dll
0x00007ff96e720000 - 0x00007ff96e736000 	C:\WINDOWS\system32\wshbth.dll
0x00007ff97d230000 - 0x00007ff97d23b000 	C:\Windows\System32\rasadhlp.dll
0x00007ff982220000 - 0x00007ff9822a6000 	C:\WINDOWS\System32\fwpuclnt.dll
0x00007ff989be0000 - 0x00007ff989bfb000 	C:\WINDOWS\SYSTEM32\CRYPTSP.dll
0x00007ff989310000 - 0x00007ff98934a000 	C:\WINDOWS\system32\rsaenh.dll
0x00007ff9899d0000 - 0x00007ff9899fb000 	C:\WINDOWS\SYSTEM32\USERENV.dll
0x00007ff98a4e0000 - 0x00007ff98a50a000 	C:\WINDOWS\SYSTEM32\bcrypt.dll
0x00007ff989c00000 - 0x00007ff989c0c000 	C:\WINDOWS\SYSTEM32\CRYPTBASE.dll
0x00007ff9838b0000 - 0x00007ff9838ce000 	C:\WINDOWS\SYSTEM32\dhcpcsvc6.DLL
0x00007ff983870000 - 0x00007ff983893000 	C:\WINDOWS\SYSTEM32\dhcpcsvc.DLL
0x00007ff97ca60000 - 0x00007ff97ca70000 	C:\Users\mranj\Downloads\spring-tool-suite-4-4.13.1.RELEASE-e4.22.0-win32.win32.x86_64.self-extracting\contents\sts-4.13.1.RELEASE\plugins\org.eclipse.justj.openjdk.hotspot.jre.full.win32.x86_64_17.0.1.v20211116-1657\jre\bin\verify.dll
0x00007ff97ca80000 - 0x00007ff97ca8e000 	C:\Users\mranj\Downloads\spring-tool-suite-4-4.13.1.RELEASE-e4.22.0-win32.win32.x86_64.self-extracting\contents\sts-4.13.1.RELEASE\plugins\org.eclipse.justj.openjdk.hotspot.jre.full.win32.x86_64_17.0.1.v20211116-1657\jre\bin\sunmscapi.dll
0x00007ff98ae40000 - 0x00007ff98afb7000 	C:\WINDOWS\System32\CRYPT32.dll
0x00007ff989e00000 - 0x00007ff989e30000 	C:\WINDOWS\SYSTEM32\ncrypt.dll
0x00007ff989db0000 - 0x00007ff989def000 	C:\WINDOWS\SYSTEM32\NTASN1.dll
0x00007ff9557d0000 - 0x00007ff9557d8000 	C:\WINDOWS\system32\wshunix.dll

dbghelp: loaded successfully - version: 4.0.5 - missing functions: none
symbol engine: initialized successfully - sym options: 0x614 - pdb path: .;C:\Users\mranj\Downloads\spring-tool-suite-4-4.13.1.RELEASE-e4.22.0-win32.win32.x86_64.self-extracting\contents\sts-4.13.1.RELEASE\plugins\org.eclipse.justj.openjdk.hotspot.jre.full.win32.x86_64_17.0.1.v20211116-1657\jre\bin;C:\WINDOWS\SYSTEM32;C:\WINDOWS\WinSxS\amd64_microsoft.windows.common-controls_6595b64144ccf1df_6.0.26100.7019_none_3e06ffa0e335b8a8;C:\Users\mranj\Downloads\spring-tool-suite-4-4.13.1.RELEASE-e4.22.0-win32.win32.x86_64.self-extracting\contents\sts-4.13.1.RELEASE\plugins\org.eclipse.justj.openjdk.hotspot.jre.full.win32.x86_64_17.0.1.v20211116-1657\jre\bin\server

VM Arguments:
jvm_args: -Dcom.sun.management.jmxremote -Dcom.sun.management.jmxremote.port=56863 -Dcom.sun.management.jmxremote.authenticate=false -Dcom.sun.management.jmxremote.ssl=false -Djava.rmi.server.hostname=localhost -Dspring.jmx.enabled=true -Dspring.application.admin.enabled=true -XX:TieredStopAtLevel=1 -Dspring.boot.project.name=freshChickenAPI -Dfile.encoding=UTF-8 -XX:+ShowCodeDetailsInExceptionMessages 
java_command: com.ra.freshChickenAPI.FreshChickenApiApplication --spring.output.ansi.enabled=always
java_class_path (initial): C:\rasoftware\freshto-service\target\classes;C:\Users\mranj\.m2\repository\org\springframework\boot\spring-boot-starter-web\3.5.6\spring-boot-starter-web-3.5.6.jar;C:\Users\mranj\.m2\repository\org\springframework\boot\spring-boot-starter\3.5.6\spring-boot-starter-3.5.6.jar;C:\Users\mranj\.m2\repository\org\springframework\boot\spring-boot\3.5.6\spring-boot-3.5.6.jar;C:\Users\mranj\.m2\repository\org\springframework\boot\spring-boot-autoconfigure\3.5.6\spring-boot-autoconfigure-3.5.6.jar;C:\Users\mranj\.m2\repository\org\springframework\boot\spring-boot-starter-logging\3.5.6\spring-boot-starter-logging-3.5.6.jar;C:\Users\mranj\.m2\repository\ch\qos\logback\logback-classic\1.5.18\logback-classic-1.5.18.jar;C:\Users\mranj\.m2\repository\ch\qos\logback\logback-core\1.5.18\logback-core-1.5.18.jar;C:\Users\mranj\.m2\repository\org\apache\logging\log4j\log4j-to-slf4j\2.24.3\log4j-to-slf4j-2.24.3.jar;C:\Users\mranj\.m2\repository\org\apache\logging\log4j\log4j-api\2.24.3\log4j-api-2.24.3.jar;C:\Users\mranj\.m2\repository\org\slf4j\jul-to-slf4j\2.0.17\jul-to-slf4j-2.0.17.jar;C:\Users\mranj\.m2\repository\jakarta\annotation\jakarta.annotation-api\2.1.1\jakarta.annotation-api-2.1.1.jar;C:\Users\mranj\.m2\repository\org\yaml\snakeyaml\2.4\snakeyaml-2.4.jar;C:\Users\mranj\.m2\repository\org\springframework\boot\spring-boot-starter-json\3.5.6\spring-boot-starter-json-3.5.6.jar;C:\Users\mranj\.m2\repository\com\fasterxml\jackson\datatype\jackson-datatype-jdk8\2.19.2\jackson-datatype-jdk8-2.19.2.jar;C:\Users\mranj\.m2\repository\com\fasterxml\jackson\module\jackson-module-parameter-names\2.19.2\jackson-module-parameter-names-2.19.2.jar;C:\Users\mranj\.m2\repository\org\springframework\boot\spring-boot-starter-tomcat\3.5.6\spring-boot-starter-tomcat-3.5.6.jar;C:\Users\mranj\.m2\repository\org\apache\tomcat\embed\tomcat-embed-core\10.1.46\tomcat-embed-core-10.1.46.jar;C:\Users\mranj\.m2\repository\org\apache\tomcat\embed\tomcat-embed-websocket\10.1.46\to
Launcher Type: SUN_STANDARD

[Global flags]
     intx CICompilerCount                          = 4                                         {product} {ergonomic}
     uint ConcGCThreads                            = 3                                         {product} {ergonomic}
     uint G1ConcRefinementThreads                  = 10                                        {product} {ergonomic}
   size_t G1HeapRegionSize                         = 1048576                                   {product} {ergonomic}
    uintx GCDrainStackTargetSize                   = 64                                        {product} {ergonomic}
   size_t InitialHeapSize                          = 98566144                                  {product} {ergonomic}
     bool ManagementServer                         = true                                      {product} {command line}
   size_t MarkStackSize                            = 4194304                                   {product} {ergonomic}
   size_t MaxHeapSize                              = 1574961152                                {product} {ergonomic}
   size_t MaxNewSize                               = 944766976                                 {product} {ergonomic}
   size_t MinHeapDeltaBytes                        = 1048576                                   {product} {ergonomic}
   size_t MinHeapSize                              = 8388608                                   {product} {ergonomic}
    uintx NonProfiledCodeHeapSize                  = 0                                      {pd product} {ergonomic}
     bool ProfileInterpreter                       = false                                  {pd product} {command line}
    uintx ProfiledCodeHeapSize                     = 0                                      {pd product} {ergonomic}
     bool ShowCodeDetailsInExceptionMessages       = true                                   {manageable} {command line}
   size_t SoftMaxHeapSize                          = 1574961152                             {manageable} {ergonomic}
     intx TieredStopAtLevel                        = 1                                         {product} {command line}
     bool UseCompressedClassPointers               = true                           {product lp64_product} {ergonomic}
     bool UseCompressedOops                        = true                           {product lp64_product} {ergonomic}
     bool UseG1GC                                  = true                                      {product} {ergonomic}
     bool UseLargePagesIndividualAllocation        = false                                  {pd product} {ergonomic}

Logging:
Log output configuration:
 #0: stdout all=warning uptime,level,tags
 #1: stderr all=off uptime,level,tags

Environment Variables:
JAVA_HOME=C:\Program Files\Java\jdk-17
PATH=C:/Users/mranj/Downloads/spring-tool-suite-4-4.13.1.RELEASE-e4.22.0-win32.win32.x86_64.self-extracting/contents/sts-4.13.1.RELEASE//plugins/org.eclipse.justj.openjdk.hotspot.jre.full.win32.x86_64_17.0.1.v20211116-1657/jre/bin/server;C:/Users/mranj/Downloads/spring-tool-suite-4-4.13.1.RELEASE-e4.22.0-win32.win32.x86_64.self-extracting/contents/sts-4.13.1.RELEASE//plugins/org.eclipse.justj.openjdk.hotspot.jre.full.win32.x86_64_17.0.1.v20211116-1657/jre/bin;C:\Program Files\Java\jdk-17\bin;C:\WINDOWS\system32;C:\WINDOWS;C:\WINDOWS\System32\Wbem;C:\WINDOWS\System32\WindowsPowerShell\v1.0\;C:\WINDOWS\System32\OpenSSH\;C:\Program Files\TortoiseSVN\bin;C:\Program Files\Git\cmd;C:\Program Files\nodejs\;C:\Users\mranj\Downloads\jdk-21_windows-x64_bin\jdk-21.0.8\bin;C:\Users\mranj\AppData\Local\Android\Sdk\platform-tools;C:\Users\mranj\AppData\Local\Android\Sdk\emulator;C:\Users\mranj\AppData\Local\Android\Sdk\tools;C:\Users\mranj\AppData\Local\Android\Sdk\tools\bin;C:\Users\mranj\Downloads\gradle-8.1.1-all\gradle-8.1.1\bin;C:\Program Files\MySQL\MySQL Shell 8.0\bin\;C:\Users\mranj\AppData\Local\Microsoft\WindowsApps;C:\Program Files (x86)\Sophos\Sophos SSL VPN Client\bin;C:\Program Files\Java\jdk-17\bin;C:\Users\mranj\AppData\Local\Programs\Microsoft VS Code\bin;C:\Users\mranj\Downloads\apache-maven-3.8.4-bin\apache-maven-3.8.4\bin;C:\Program Files\heroku\bin;C:\Users\mranj\Downloads\mongosh-1.3.1-win32-x64\mongosh-1.3.1-win32-x64\bin;C:\Users\mranj\AppData\Roaming\npm;C:\Users\mranj\AppData\Local\Android\Sdk\platform-tools;C:\Users\mranj\AppData\Local\Android\Sdk\emulator;C:\Users\mranj\AppData\Local\Android\Sdk\tools;C:\Users\mranj\AppData\Local\Android\Sdk\tools\bin;C:\Users\mranj\Downloads\gradle-8.1.1-all\gradle-8.1.1\bin;;%USERPROFILE%\AppData\Local\Microsoft\WindowsApps;C:\Users\mranj\Downloads\spring-tool-suite-4-4.13.1.RELEASE-e4.22.0-win32.win32.x86_64.self-extracting\contents\sts-4.13.1.RELEASE;
USERNAME=mranj
OS=Windows_NT
PROCESSOR_IDENTIFIER=AMD64 Family 23 Model 104 Stepping 1, AuthenticAMD



---------------  S Y S T E M  ---------------

OS:
 Windows 10 , 64 bit Build 26100 (10.0.26100.7019)
OS uptime: 0 days 1:21 hours

CPU: total 12 (initial active 12) (12 cores per cpu, 2 threads per core) family 23 model 104 stepping 1 microcode 0x8608103, cx8, cmov, fxsr, ht, mmx, 3dnowpref, sse, sse2, sse3, ssse3, sse4a, sse4.1, sse4.2, popcnt, lzcnt, tsc, tscinvbit, avx, avx2, aes, clmul, bmi1, bmi2, adx, sha, fma, vzeroupper, clflush, clflushopt

Memory: 4k page, system-wide physical 6005M (568M free)
TotalPageFile size 24437M (AvailPageFile size 1M)
current process WorkingSet (physical memory assigned to process): 68M, peak: 312M
current process commit charge ("private bytes"): 355M, peak: 355M

vm_info: OpenJDK 64-Bit Server VM (17.0.1+12) for windows-amd64 JRE (17.0.1+12), built on Oct 20 2021 07:42:55 by "" with MS VC++ 16.7 (VS2019)

END.
